Archive member included because of file (symbol)

C:\Projects\20150113Addit\nxp_xpresso_1769_usblib_device\Debug\libnxp_xpresso_1769_usblib_device.a(USBController.o)
                              ./src/Addit.o (USB_Init)
C:\Projects\20150113Addit\nxp_xpresso_1769_usblib_device\Debug\libnxp_xpresso_1769_usblib_device.a(USBTask.o)
                              C:\Projects\20150113Addit\nxp_xpresso_1769_usblib_device\Debug\libnxp_xpresso_1769_usblib_device.a(USBController.o) (USB_IsInitialized)
C:\Projects\20150113Addit\nxp_xpresso_1769_usblib_device\Debug\libnxp_xpresso_1769_usblib_device.a(CDCClassDevice.o)
                              ./src/Addit.o (CDC_Device_ProcessControlRequest)
C:\Projects\20150113Addit\nxp_xpresso_1769_usblib_device\Debug\libnxp_xpresso_1769_usblib_device.a(HAL_LPC17xx.o)
                              C:\Projects\20150113Addit\nxp_xpresso_1769_usblib_device\Debug\libnxp_xpresso_1769_usblib_device.a(USBController.o) (HAL_USBInit)
C:\Projects\20150113Addit\nxp_xpresso_1769_usblib_device\Debug\libnxp_xpresso_1769_usblib_device.a(Endpoint_LPC17xx.o)
                              C:\Projects\20150113Addit\nxp_xpresso_1769_usblib_device\Debug\libnxp_xpresso_1769_usblib_device.a(USBTask.o) (SETUPReceived)
C:\Projects\20150113Addit\nxp_xpresso_1769_usblib_device\Debug\libnxp_xpresso_1769_usblib_device.a(DeviceStandardReq.o)
                              C:\Projects\20150113Addit\nxp_xpresso_1769_usblib_device\Debug\libnxp_xpresso_1769_usblib_device.a(USBController.o) (USB_Device_ConfigurationNumber)
C:\Projects\20150113Addit\nxp_xpresso_1769_usblib_device\Debug\libnxp_xpresso_1769_usblib_device.a(Endpoint.o)
                              C:\Projects\20150113Addit\nxp_xpresso_1769_usblib_device\Debug\libnxp_xpresso_1769_usblib_device.a(CDCClassDevice.o) (usb_data_buffer)
C:\Projects\20150113Addit\nxp_xpresso_1769_usblib_device\Debug\libnxp_xpresso_1769_usblib_device.a(EndpointStream.o)
                              C:\Projects\20150113Addit\nxp_xpresso_1769_usblib_device\Debug\libnxp_xpresso_1769_usblib_device.a(CDCClassDevice.o) (Endpoint_Write_Stream_LE)
C:\Projects\20150113Addit\nxp_xpresso_1769_board_lib\Debug\libnxp_xpresso_1769_board_lib.a(clock_17xx_40xx.o)
                              C:\Projects\20150113Addit\nxp_xpresso_1769_usblib_device\Debug\libnxp_xpresso_1769_usblib_device.a(HAL_LPC17xx.o) (Chip_Clock_EnablePLL)
C:\Projects\20150113Addit\nxp_xpresso_1769_board_lib\Debug\libnxp_xpresso_1769_board_lib.a(iocon_17xx_40xx.o)
                              C:\Projects\20150113Addit\nxp_xpresso_1769_usblib_device\Debug\libnxp_xpresso_1769_usblib_device.a(HAL_LPC17xx.o) (Chip_IOCON_PinMux)
C:\Projects\20150113Addit\nxp_xpresso_1769_board_lib\Debug\libnxp_xpresso_1769_board_lib.a(board_nxp_xpresso_1769.o)
                              ./src/Addit.o (Board_Init)
C:\Projects\20150113Addit\nxp_xpresso_1769_board_lib\Debug\libnxp_xpresso_1769_board_lib.a(enet_002.o)
                              C:\Projects\20150113Addit\nxp_xpresso_1769_board_lib\Debug\libnxp_xpresso_1769_board_lib.a(board_nxp_xpresso_1769.o) (IP_ENET_StartMIIWrite)
C:\Projects\20150113Addit\nxp_xpresso_1769_board_lib\Debug\libnxp_xpresso_1769_board_lib.a(usart_001.o)
                              C:\Projects\20150113Addit\nxp_xpresso_1769_board_lib\Debug\libnxp_xpresso_1769_board_lib.a(board_nxp_xpresso_1769.o) (IP_UART_ConfigData)
C:\Projects\20150113Addit\nxp_xpresso_1769_board_lib\Debug\libnxp_xpresso_1769_board_lib.a(uart_17xx_40xx.o)
                              C:\Projects\20150113Addit\nxp_xpresso_1769_board_lib\Debug\libnxp_xpresso_1769_board_lib.a(board_nxp_xpresso_1769.o) (Chip_UART_Init)
c:/nxp/lpcxpresso_7.5.0_254/lpcxpresso/tools/bin/../lib/gcc/arm-none-eabi/4.8.4/../../../../arm-none-eabi/lib/armv7-m\libcr_semihost.a(_cr__main.o)
                              ./src/cr_startup_lpc175x_6x.o (__main)
c:/nxp/lpcxpresso_7.5.0_254/lpcxpresso/tools/bin/../lib/gcc/arm-none-eabi/4.8.4/../../../../arm-none-eabi/lib/armv7-m\libcr_c.a(memcpy.o)
                              C:\Projects\20150113Addit\nxp_xpresso_1769_usblib_device\Debug\libnxp_xpresso_1769_usblib_device.a(Endpoint_LPC17xx.o) (memcpy)
c:/nxp/lpcxpresso_7.5.0_254/lpcxpresso/tools/bin/../lib/gcc/arm-none-eabi/4.8.4/../../../../arm-none-eabi/lib/armv7-m\libcr_c.a(memset.o)
                              ./inc/console.o (memset)
c:/nxp/lpcxpresso_7.5.0_254/lpcxpresso/tools/bin/../lib/gcc/arm-none-eabi/4.8.4/../../../../arm-none-eabi/lib/armv7-m\libcr_c.a(fpprintf.o)
                              ./inc/console.o (vsprintf)
c:/nxp/lpcxpresso_7.5.0_254/lpcxpresso/tools/bin/../lib/gcc/arm-none-eabi/4.8.4/../../../../arm-none-eabi/lib/armv7-m\libcr_c.a(initio.o)
                              c:/nxp/lpcxpresso_7.5.0_254/lpcxpresso/tools/bin/../lib/gcc/arm-none-eabi/4.8.4/../../../../arm-none-eabi/lib/armv7-m\libcr_semihost.a(_cr__main.o) (_initio)
[...]
Memory Configuration

Name             Origin             Length             Attributes
MFlash512        0x00000000         0x00080000         xr
RamLoc32         0x10000000         0x00008000         xrw
RamAHB32         0x2007c000         0x00008000         xrw
*default*        0x00000000         0xffffffff

Linker script and memory map

LOAD ./src/Addit.o
LOAD ./src/cr_startup_lpc175x_6x.o
LOAD ./src/crp.o
LOAD ./inc/Descriptors.o
LOAD ./inc/console.o
LOAD ./inc/drv8840.o
LOAD ./inc/interfaces.o
LOAD ./inc/motor_movments.o
LOAD C:\Projects\20150113Addit\nxp_xpresso_1769_usblib_device\Debug\libnxp_xpresso_1769_usblib_device.a
LOAD C:\Projects\20150113Addit\nxp_xpresso_1769_board_lib\Debug\libnxp_xpresso_1769_board_lib.a
START GROUP
LOAD c:/nxp/lpcxpresso_7.5.0_254/lpcxpresso/tools/bin/../lib/gcc/arm-none-eabi/4.8.4/../../../../arm-none-eabi/lib/armv7-m\libcr_semihost.a
LOAD c:/nxp/lpcxpresso_7.5.0_254/lpcxpresso/tools/bin/../lib/gcc/arm-none-eabi/4.8.4/../../../../arm-none-eabi/lib/armv7-m\libcr_c.a
LOAD c:/nxp/lpcxpresso_7.5.0_254/lpcxpresso/tools/bin/../lib/gcc/arm-none-eabi/4.8.4/armv7-m\libcr_eabihelpers.a
END GROUP
                0x00080000                __top_MFlash512 = 0x80000
                0x10008000                __top_RamLoc32 = 0x10008000
                0x20084000                __top_RamAHB32 = 0x20084000

.text           0x00000000     0x76d0
 FILL mask 0xff
                0x00000000                __vectors_start__ = ABSOLUTE (.)
 *(.isr_vector)
 .isr_vector    0x00000000       0xcc ./src/cr_startup_lpc175x_6x.o
                0x00000000                g_pfnVectors
                0x000000cc                . = ALIGN (0x4)
                0x000000cc                __section_table_start = .
                0x000000cc                __data_section_table = .
                0x000000cc        0x4 LONG 0x76d0 LOADADDR (.data)
                0x000000d0        0x4 LONG 0x10000000 ADDR (.data)
                0x000000d4        0x4 LONG 0xd0 SIZEOF (.data)
                0x000000d8        0x4 LONG 0x76d0 LOADADDR (.data_RAM2)
                0x000000dc        0x4 LONG 0x2007c000 ADDR (.data_RAM2)
                0x000000e0        0x4 LONG 0x0 SIZEOF (.data_RAM2)
                0x000000e4                __data_section_table_end = .
                0x000000e4                __bss_section_table = .
                0x000000e4        0x4 LONG 0x100000d0 ADDR (.bss)
                0x000000e8        0x4 LONG 0x244 SIZEOF (.bss)
                0x000000ec        0x4 LONG 0x2007c000 ADDR (.bss_RAM2)
                0x000000f0        0x4 LONG 0xa80 SIZEOF (.bss_RAM2)
                0x000000f4                __bss_section_table_end = .
                0x000000f4                __section_table_end = .
 *(.after_vectors*)
 .after_vectors
                0x000000f4      0x140 ./src/cr_startup_lpc175x_6x.o
                0x000000f4                data_init
                0x00000138                bss_init
                0x00000170                ResetISR
                0x000001e4                NMI_Handler
                0x000001ec                HardFault_Handler
                0x000001f4                MemManage_Handler
                0x000001fc                BusFault_Handler
                0x00000204                UsageFault_Handler
                0x0000020c                SVC_Handler
                0x00000214                DebugMon_Handler
                0x0000021c                PendSV_Handler
                0x00000224                SysTick_Handler
                0x0000022c                EINT3_IRQHandler
                0x0000022c                CANActivity_IRQHandler
                0x0000022c                TIMER3_IRQHandler
                0x0000022c                UART0_IRQHandler
                0x0000022c                UART1_IRQHandler
                0x0000022c                EINT2_IRQHandler
                0x0000022c                USBActivity_IRQHandler
                0x0000022c                IntDefaultHandler
                0x0000022c                PLL0_IRQHandler
                0x0000022c                I2C0_IRQHandler
                0x0000022c                I2C1_IRQHandler
                0x0000022c                SSP0_IRQHandler
                0x0000022c                I2S_IRQHandler
                0x0000022c                I2C2_IRQHandler
                0x0000022c                RTC_IRQHandler
                0x0000022c                TIMER0_IRQHandler
                0x0000022c                SPI_IRQHandler
                0x0000022c                RIT_IRQHandler
                0x0000022c                EINT1_IRQHandler
                0x0000022c                TIMER1_IRQHandler
                0x0000022c                UART2_IRQHandler
                0x0000022c                ADC_IRQHandler
                0x0000022c                SSP1_IRQHandler
                0x0000022c                BOD_IRQHandler
                0x0000022c                PLL1_IRQHandler
                0x0000022c                WDT_IRQHandler
                0x0000022c                PWM1_IRQHandler
                0x0000022c                QEI_IRQHandler
                0x0000022c                EINT0_IRQHandler
                0x0000022c                CAN_IRQHandler
                0x0000022c                DMA_IRQHandler
                0x0000022c                TIMER2_IRQHandler
                0x0000022c                UART3_IRQHandler
                0x0000022c                MCPWM_IRQHandler
                0x0000022c                ENET_IRQHandler
                0x000002fc                . = 0x2fc
 *fill*         0x00000234       0xc8 ff
                0x000002fc                PROVIDE (__CRP_WORD_START__, .)
 *(.crp)
 .crp           0x000002fc        0x4 ./src/crp.o
                0x000002fc                CRP_WORD
                0x00000300                PROVIDE (__CRP_WORD_END__, .)
                0x00000001                ASSERT (! ((__CRP_WORD_START__ == __CRP_WORD_END__)), Linker CRP Enabled, but no CRP_WORD provided within application)
 *(.text*)
 .text.SetupHardware
                0x00000300       0x1c ./src/Addit.o
 .text.sendBuff
                0x0000031c       0x28 ./src/Addit.o
 .text.EchoCharacter
                0x00000344       0x3c ./src/Addit.o
 .text.main     0x00000380      0x108 ./src/Addit.o
                0x00000380                main
 .text.EVENT_USB_Device_ConfigurationChanged
                0x00000488       0x2c ./src/Addit.o
                0x00000488                EVENT_USB_Device_ConfigurationChanged
 .text.EVENT_USB_Device_ControlRequest
                0x000004b4       0x24 ./src/Addit.o
                0x000004b4                EVENT_USB_Device_ControlRequest
 .text.EVENT_CDC_Device_LineEncodingChanged
                0x000004d8       0x14 ./src/Addit.o
                0x000004d8                EVENT_CDC_Device_LineEncodingChanged
 .text.CALLBACK_USB_GetDescriptor
                0x000004ec       0xb4 ./inc/Descriptors.o
                0x000004ec                CALLBACK_USB_GetDescriptor
 .text.consoleInit
                0x000005a0       0x20 ./inc/console.o
                0x000005a0                consoleInit
 .text.printc   0x000005c0       0x54 ./inc/console.o
                0x000005c0                printc
 .text.showStatus
                0x00000614       0x10 ./inc/console.o
                0x00000614                showStatus
 .text.charArrived
                0x00000624      0x114 ./inc/console.o
                0x00000624                charArrived
 .text.commandParser
                0x00000738      0x364 ./inc/console.o
                0x00000738                commandParser
 .text.initDriver
                0x00000a9c       0x44 ./inc/drv8840.o
                0x00000a9c                initDriver
 .text.setDriverMode
                0x00000ae0       0x58 ./inc/drv8840.o
                0x00000ae0                setDriverMode
 .text.initInterface
                0x00000b38       0x5c ./inc/interfaces.o
                0x00000b38                initInterface
 .text.setResetModule1
                0x00000b94       0x40 ./inc/interfaces.o
                0x00000b94                setResetModule1
 .text.setSleepModule1
                0x00000bd4       0x40 ./inc/interfaces.o
                0x00000bd4                setSleepModule1
 .text.readFaultModule1
                0x00000c14       0x20 ./inc/interfaces.o
                0x00000c14                readFaultModule1
 .text.setDecayModule1
                0x00000c34       0x3c ./inc/interfaces.o
                0x00000c34                setDecayModule1
 .text.setPhaseModule1
                0x00000c70       0x3c ./inc/interfaces.o
                0x00000c70                setPhaseModule1
 .text.setEnableModule1
                0x00000cac       0x3c ./inc/interfaces.o
                0x00000cac                setEnableModule1
 .text.setCurrentModule1
                0x00000ce8       0x48 ./inc/interfaces.o
                0x00000ce8                setCurrentModule1
 .text.USB_Init
                0x00000d30       0x40 C:\Projects\20150113Addit\nxp_xpresso_1769_usblib_device\Debug\libnxp_xpresso_1769_usblib_device.a(USBController.o)
                0x00000d30                USB_Init
 .text.USB_ResetInterface
                0x00000d70       0x24 C:\Projects\20150113Addit\nxp_xpresso_1769_usblib_device\Debug\libnxp_xpresso_1769_usblib_device.a(USBController.o)
                0x00000d70                USB_ResetInterface
 .text.USB_Init_Device
                0x00000d94       0x64 C:\Projects\20150113Addit\nxp_xpresso_1769_usblib_device\Debug\libnxp_xpresso_1769_usblib_device.a(USBController.o)
 .text.USB_USBTask
                0x00000df8       0x1c C:\Projects\20150113Addit\nxp_xpresso_1769_usblib_device\Debug\libnxp_xpresso_1769_usblib_device.a(USBTask.o)
                0x00000df8                USB_USBTask
 .text.USB_DeviceTask
                0x00000e14       0x68 C:\Projects\20150113Addit\nxp_xpresso_1769_usblib_device\Debug\libnxp_xpresso_1769_usblib_device.a(USBTask.o)
 .text.CDC_Device_ProcessControlRequest
                0x00000e7c      0xcb8 C:\Projects\20150113Addit\nxp_xpresso_1769_usblib_device\Debug\libnxp_xpresso_1769_usblib_device.a(CDCClassDevice.o)
                0x00000e7c                CDC_Device_ProcessControlRequest
 .text.CDC_Device_ConfigureEndpoints
                0x00001b34       0xc8 C:\Projects\20150113Addit\nxp_xpresso_1769_usblib_device\Debug\libnxp_xpresso_1769_usblib_device.a(CDCClassDevice.o)
                0x00001b34                CDC_Device_ConfigureEndpoints
 .text.CDC_Device_SendData
                0x00001bfc      0x11c C:\Projects\20150113Addit\nxp_xpresso_1769_usblib_device\Debug\libnxp_xpresso_1769_usblib_device.a(CDCClassDevice.o)
                0x00001bfc                CDC_Device_SendData
 .text.CDC_Device_BytesReceived
                0x00001d18      0x1dc C:\Projects\20150113Addit\nxp_xpresso_1769_usblib_device\Debug\libnxp_xpresso_1769_usblib_device.a(CDCClassDevice.o)
                0x00001d18                CDC_Device_BytesReceived
 .text.CDC_Device_ReceiveByte
                0x00001ef4      0x274 C:\Projects\20150113Addit\nxp_xpresso_1769_usblib_device\Debug\libnxp_xpresso_1769_usblib_device.a(CDCClassDevice.o)
                0x00001ef4                CDC_Device_ReceiveByte
 .text.CDC_Device_Event_Stub
                0x00002168       0x14 C:\Projects\20150113Addit\nxp_xpresso_1769_usblib_device\Debug\libnxp_xpresso_1769_usblib_device.a(CDCClassDevice.o)
                0x00002168                CDC_Device_Event_Stub
                0x00002168                EVENT_CDC_Device_ControLineStateChanged
 .text.CDC_Device_Event_Stub2
                0x0000217c       0x18 C:\Projects\20150113Addit\nxp_xpresso_1769_usblib_device\Debug\libnxp_xpresso_1769_usblib_device.a(CDCClassDevice.o)
                0x0000217c                CDC_Device_Event_Stub2
                0x0000217c                EVENT_CDC_Device_BreakSent
 .text.NVIC_EnableIRQ
                0x00002194       0x30 C:\Projects\20150113Addit\nxp_xpresso_1769_usblib_device\Debug\libnxp_xpresso_1769_usblib_device.a(HAL_LPC17xx.o)
 .text.NVIC_DisableIRQ
                0x000021c4       0x34 C:\Projects\20150113Addit\nxp_xpresso_1769_usblib_device\Debug\libnxp_xpresso_1769_usblib_device.a(HAL_LPC17xx.o)
 .text.Chip_Clock_GetPLLStatus
                0x000021f8       0x28 C:\Projects\20150113Addit\nxp_xpresso_1769_usblib_device\Debug\libnxp_xpresso_1769_usblib_device.a(HAL_LPC17xx.o)
 .text.HAL_USBInit
                0x00002220       0x98 C:\Projects\20150113Addit\nxp_xpresso_1769_usblib_device\Debug\libnxp_xpresso_1769_usblib_device.a(HAL_LPC17xx.o)
                0x00002220                HAL_USBInit
 .text.HAL_EnableUSBInterrupt
                0x000022b8       0x18 C:\Projects\20150113Addit\nxp_xpresso_1769_usblib_device\Debug\libnxp_xpresso_1769_usblib_device.a(HAL_LPC17xx.o)
                0x000022b8                HAL_EnableUSBInterrupt
 .text.HAL_DisableUSBInterrupt
                0x000022d0       0x18 C:\Projects\20150113Addit\nxp_xpresso_1769_usblib_device\Debug\libnxp_xpresso_1769_usblib_device.a(HAL_LPC17xx.o)
                0x000022d0                HAL_DisableUSBInterrupt
 .text.HAL_USBConnect
                0x000022e8       0x28 C:\Projects\20150113Addit\nxp_xpresso_1769_usblib_device\Debug\libnxp_xpresso_1769_usblib_device.a(HAL_LPC17xx.o)
                0x000022e8                HAL_USBConnect
 .text.USB_IRQHandler
                0x00002310       0x20 C:\Projects\20150113Addit\nxp_xpresso_1769_usblib_device\Debug\libnxp_xpresso_1769_usblib_device.a(HAL_LPC17xx.o)
                0x00002310                USB_IRQHandler
 .text.SIE_WriteCommand
                0x00002330       0x38 C:\Projects\20150113Addit\nxp_xpresso_1769_usblib_device\Debug\libnxp_xpresso_1769_usblib_device.a(Endpoint_LPC17xx.o)
                0x00002330                SIE_WriteCommand
 .text.SIE_WriteCommandData
                0x00002368       0x58 C:\Projects\20150113Addit\nxp_xpresso_1769_usblib_device\Debug\libnxp_xpresso_1769_usblib_device.a(Endpoint_LPC17xx.o)
                0x00002368                SIE_WriteCommandData
 .text.SIE_ReadCommandData
                0x000023c0       0x40 C:\Projects\20150113Addit\nxp_xpresso_1769_usblib_device\Debug\libnxp_xpresso_1769_usblib_device.a(Endpoint_LPC17xx.o)
                0x000023c0                SIE_ReadCommandData
 .text.HAL_Reset
                0x00002400      0x13c C:\Projects\20150113Addit\nxp_xpresso_1769_usblib_device\Debug\libnxp_xpresso_1769_usblib_device.a(Endpoint_LPC17xx.o)
                0x00002400                HAL_Reset
 .text.Endpoint_StallTransaction
                0x0000253c       0x80 C:\Projects\20150113Addit\nxp_xpresso_1769_usblib_device\Debug\libnxp_xpresso_1769_usblib_device.a(Endpoint_LPC17xx.o)
                0x0000253c                Endpoint_StallTransaction
 .text.Endpoint_ConfigureEndpoint
                0x000025bc      0x1ac C:\Projects\20150113Addit\nxp_xpresso_1769_usblib_device\Debug\libnxp_xpresso_1769_usblib_device.a(Endpoint_LPC17xx.o)
                0x000025bc                Endpoint_ConfigureEndpoint
 .text.ReadControlEndpoint
                0x00002768       0x98 C:\Projects\20150113Addit\nxp_xpresso_1769_usblib_device\Debug\libnxp_xpresso_1769_usblib_device.a(Endpoint_LPC17xx.o)
                0x00002768                ReadControlEndpoint
 .text.WriteControlEndpoint
                0x00002800       0xbc C:\Projects\20150113Addit\nxp_xpresso_1769_usblib_device\Debug\libnxp_xpresso_1769_usblib_device.a(Endpoint_LPC17xx.o)
                0x00002800                WriteControlEndpoint
 .text.HAL17XX_USBConnect
                0x000028bc       0x2c C:\Projects\20150113Addit\nxp_xpresso_1769_usblib_device\Debug\libnxp_xpresso_1769_usblib_device.a(Endpoint_LPC17xx.o)
                0x000028bc                HAL17XX_USBConnect
 .text.Endpoint_GetSetupPackage
                0x000028e8       0x20 C:\Projects\20150113Addit\nxp_xpresso_1769_usblib_device\Debug\libnxp_xpresso_1769_usblib_device.a(Endpoint_LPC17xx.o)
                0x000028e8                Endpoint_GetSetupPackage
 .text.SlaveEndpointISR
                0x00002908       0xec C:\Projects\20150113Addit\nxp_xpresso_1769_usblib_device\Debug\libnxp_xpresso_1769_usblib_device.a(Endpoint_LPC17xx.o)
                0x00002908                SlaveEndpointISR
 .text.DcdDataTransfer
                0x000029f4      0x224 C:\Projects\20150113Addit\nxp_xpresso_1769_usblib_device\Debug\libnxp_xpresso_1769_usblib_device.a(Endpoint_LPC17xx.o)
                0x000029f4                DcdDataTransfer
 .text.DMAEndTransferISR
                0x00002c18      0x10c C:\Projects\20150113Addit\nxp_xpresso_1769_usblib_device\Debug\libnxp_xpresso_1769_usblib_device.a(Endpoint_LPC17xx.o)
                0x00002c18                DMAEndTransferISR
 .text.DMANewTransferRequestISR
                0x00002d24      0x158 C:\Projects\20150113Addit\nxp_xpresso_1769_usblib_device\Debug\libnxp_xpresso_1769_usblib_device.a(Endpoint_LPC17xx.o)
                0x00002d24                DMANewTransferRequestISR
 .text.DcdIrqHandler
                0x00002e7c      0x124 C:\Projects\20150113Addit\nxp_xpresso_1769_usblib_device\Debug\libnxp_xpresso_1769_usblib_device.a(Endpoint_LPC17xx.o)
                0x00002e7c                DcdIrqHandler
 .text.Dummy_EPGetISOAddress
                0x00002fa0       0x1c C:\Projects\20150113Addit\nxp_xpresso_1769_usblib_device\Debug\libnxp_xpresso_1769_usblib_device.a(Endpoint_LPC17xx.o)
                0x00002fa0                Dummy_EPGetISOAddress
                0x00002fa0                CALLBACK_HAL_GetISOBufferAddress
 .text.USB_Device_ProcessControlRequest
                0x00002fbc      0x14c C:\Projects\20150113Addit\nxp_xpresso_1769_usblib_device\Debug\libnxp_xpresso_1769_usblib_device.a(DeviceStandardReq.o)
                0x00002fbc                USB_Device_ProcessControlRequest
 .text.USB_Device_SetAddress
                0x00003108      0x17c C:\Projects\20150113Addit\nxp_xpresso_1769_usblib_device\Debug\libnxp_xpresso_1769_usblib_device.a(DeviceStandardReq.o)
 .text.USB_Device_SetConfiguration
                0x00003284       0xa4 C:\Projects\20150113Addit\nxp_xpresso_1769_usblib_device\Debug\libnxp_xpresso_1769_usblib_device.a(DeviceStandardReq.o)
 .text.USB_Device_GetConfiguration
                0x00003328      0x16c C:\Projects\20150113Addit\nxp_xpresso_1769_usblib_device\Debug\libnxp_xpresso_1769_usblib_device.a(DeviceStandardReq.o)
 .text.USB_Device_GetDescriptor
                0x00003494      0x124 C:\Projects\20150113Addit\nxp_xpresso_1769_usblib_device\Debug\libnxp_xpresso_1769_usblib_device.a(DeviceStandardReq.o)
 .text.USB_Device_GetStatus
                0x000035b8      0x2b0 C:\Projects\20150113Addit\nxp_xpresso_1769_usblib_device\Debug\libnxp_xpresso_1769_usblib_device.a(DeviceStandardReq.o)
 .text.USB_Device_ClearSetFeature
                0x00003868      0x154 C:\Projects\20150113Addit\nxp_xpresso_1769_usblib_device\Debug\libnxp_xpresso_1769_usblib_device.a(DeviceStandardReq.o)
 .text.Endpoint_ClearStatusStage
                0x000039bc      0x174 C:\Projects\20150113Addit\nxp_xpresso_1769_usblib_device\Debug\libnxp_xpresso_1769_usblib_device.a(Endpoint.o)
                0x000039bc                Endpoint_ClearStatusStage
 .text.Endpoint_Write_Stream_LE
                0x00003b30      0x18c C:\Projects\20150113Addit\nxp_xpresso_1769_usblib_device\Debug\libnxp_xpresso_1769_usblib_device.a(EndpointStream.o)
                0x00003b30                Endpoint_Write_Stream_LE
 .text.Endpoint_Write_Control_Stream_LE
                0x00003cbc       0xf8 C:\Projects\20150113Addit\nxp_xpresso_1769_usblib_device\Debug\libnxp_xpresso_1769_usblib_device.a(EndpointStream.o)
                0x00003cbc                Endpoint_Write_Control_Stream_LE
 .text.Chip_Clock_IsMainPLLEnabled
                0x00003db4       0x28 C:\Projects\20150113Addit\nxp_xpresso_1769_board_lib\Debug\libnxp_xpresso_1769_board_lib.a(clock_17xx_40xx.o)
 .text.Chip_Clock_IsMainPLLConnected
                0x00003ddc       0x28 C:\Projects\20150113Addit\nxp_xpresso_1769_board_lib\Debug\libnxp_xpresso_1769_board_lib.a(clock_17xx_40xx.o)
 .text.Chip_Clock_FeedPLL
                0x00003e04       0x34 C:\Projects\20150113Addit\nxp_xpresso_1769_board_lib\Debug\libnxp_xpresso_1769_board_lib.a(clock_17xx_40xx.o)
 .text.Chip_Clock_GetMainPllSource
                0x00003e38       0x20 C:\Projects\20150113Addit\nxp_xpresso_1769_board_lib\Debug\libnxp_xpresso_1769_board_lib.a(clock_17xx_40xx.o)
 .text.Chip_Clock_GetMainOscRate
                0x00003e58       0x14 C:\Projects\20150113Addit\nxp_xpresso_1769_board_lib\Debug\libnxp_xpresso_1769_board_lib.a(clock_17xx_40xx.o)
 .text.Chip_Clock_GetIntOscRate
                0x00003e6c       0x14 C:\Projects\20150113Addit\nxp_xpresso_1769_board_lib\Debug\libnxp_xpresso_1769_board_lib.a(clock_17xx_40xx.o)
 .text.Chip_Clock_GetRTCOscRate
                0x00003e80       0x14 C:\Projects\20150113Addit\nxp_xpresso_1769_board_lib\Debug\libnxp_xpresso_1769_board_lib.a(clock_17xx_40xx.o)
 .text.Chip_Clock_GetMainPllInClockRate
                0x00003e94       0x10 C:\Projects\20150113Addit\nxp_xpresso_1769_board_lib\Debug\libnxp_xpresso_1769_board_lib.a(clock_17xx_40xx.o)
 .text.Chip_Clock_EnablePLL
                0x00003ea4       0x44 C:\Projects\20150113Addit\nxp_xpresso_1769_board_lib\Debug\libnxp_xpresso_1769_board_lib.a(clock_17xx_40xx.o)
                0x00003ea4                Chip_Clock_EnablePLL
 .text.Chip_Clock_EnablePeriphClock
                0x00003ee8       0x34 C:\Projects\20150113Addit\nxp_xpresso_1769_board_lib\Debug\libnxp_xpresso_1769_board_lib.a(clock_17xx_40xx.o)
                0x00003ee8                Chip_Clock_EnablePeriphClock
 .text.Chip_Clock_GetCPUClockSource
                0x00003f1c       0x24 C:\Projects\20150113Addit\nxp_xpresso_1769_board_lib\Debug\libnxp_xpresso_1769_board_lib.a(clock_17xx_40xx.o)
                0x00003f1c                Chip_Clock_GetCPUClockSource
 .text.Chip_Clock_GetCPUClockDiv
                0x00003f40       0x1c C:\Projects\20150113Addit\nxp_xpresso_1769_board_lib\Debug\libnxp_xpresso_1769_board_lib.a(clock_17xx_40xx.o)
                0x00003f40                Chip_Clock_GetCPUClockDiv
 .text.Chip_Clock_GetPLCKDiv
                0x00003f5c       0x90 C:\Projects\20150113Addit\nxp_xpresso_1769_board_lib\Debug\libnxp_xpresso_1769_board_lib.a(clock_17xx_40xx.o)
                0x00003f5c                Chip_Clock_GetPLCKDiv
 .text.Chip_Clock_GetSYSCLKRate
                0x00003fec       0x34 C:\Projects\20150113Addit\nxp_xpresso_1769_board_lib\Debug\libnxp_xpresso_1769_board_lib.a(clock_17xx_40xx.o)
                0x00003fec                Chip_Clock_GetSYSCLKRate
 .text.Chip_Clock_GetMainPllOutClockRate
                0x00004020       0x54 C:\Projects\20150113Addit\nxp_xpresso_1769_board_lib\Debug\libnxp_xpresso_1769_board_lib.a(clock_17xx_40xx.o)
                0x00004020                Chip_Clock_GetMainPllOutClockRate
 .text.Chip_Clock_GetMainClockRate
                0x00004074       0x28 C:\Projects\20150113Addit\nxp_xpresso_1769_board_lib\Debug\libnxp_xpresso_1769_board_lib.a(clock_17xx_40xx.o)
                0x00004074                Chip_Clock_GetMainClockRate
 .text.Chip_Clock_GetSystemClockRate
                0x0000409c       0x18 C:\Projects\20150113Addit\nxp_xpresso_1769_board_lib\Debug\libnxp_xpresso_1769_board_lib.a(clock_17xx_40xx.o)
                0x0000409c                Chip_Clock_GetSystemClockRate
 .text.Chip_Clock_GetPeripheralClockRate
                0x000040b4       0x28 C:\Projects\20150113Addit\nxp_xpresso_1769_board_lib\Debug\libnxp_xpresso_1769_board_lib.a(clock_17xx_40xx.o)
                0x000040b4                Chip_Clock_GetPeripheralClockRate
 .text.Chip_IOCON_PinMux
                0x000040dc       0x94 C:\Projects\20150113Addit\nxp_xpresso_1769_board_lib\Debug\libnxp_xpresso_1769_board_lib.a(iocon_17xx_40xx.o)
                0x000040dc                Chip_IOCON_PinMux
 .text.IP_GPIO_WriteDirBit
                0x00004170       0x48 C:\Projects\20150113Addit\nxp_xpresso_1769_board_lib\Debug\libnxp_xpresso_1769_board_lib.a(board_nxp_xpresso_1769.o)
 .text.Chip_GPIO_Init
                0x000041b8       0x14 C:\Projects\20150113Addit\nxp_xpresso_1769_board_lib\Debug\libnxp_xpresso_1769_board_lib.a(board_nxp_xpresso_1769.o)
 .text.Chip_GPIO_WriteDirBit
                0x000041cc       0x2c C:\Projects\20150113Addit\nxp_xpresso_1769_board_lib\Debug\libnxp_xpresso_1769_board_lib.a(board_nxp_xpresso_1769.o)
 .text.Chip_UART_ConfigData
                0x000041f8       0x20 C:\Projects\20150113Addit\nxp_xpresso_1769_board_lib\Debug\libnxp_xpresso_1769_board_lib.a(board_nxp_xpresso_1769.o)
 .text.Chip_UART_SendByte
                0x00004218       0x20 C:\Projects\20150113Addit\nxp_xpresso_1769_board_lib\Debug\libnxp_xpresso_1769_board_lib.a(board_nxp_xpresso_1769.o)
 .text.Chip_IOCON_Init
                0x00004238       0x14 C:\Projects\20150113Addit\nxp_xpresso_1769_board_lib\Debug\libnxp_xpresso_1769_board_lib.a(board_nxp_xpresso_1769.o)
 .text.__sys_write
                0x0000424c       0x38 C:\Projects\20150113Addit\nxp_xpresso_1769_board_lib\Debug\libnxp_xpresso_1769_board_lib.a(board_nxp_xpresso_1769.o)
                0x0000424c                __sys_write
 .text.Board_LED_Init
                0x00004284       0x18 C:\Projects\20150113Addit\nxp_xpresso_1769_board_lib\Debug\libnxp_xpresso_1769_board_lib.a(board_nxp_xpresso_1769.o)
 .text.SystemCoreClockUpdate
                0x0000429c       0x14 C:\Projects\20150113Addit\nxp_xpresso_1769_board_lib\Debug\libnxp_xpresso_1769_board_lib.a(board_nxp_xpresso_1769.o)
                0x0000429c                SystemCoreClockUpdate
 .text.Board_UART_Init
                0x000042b0       0x14 C:\Projects\20150113Addit\nxp_xpresso_1769_board_lib\Debug\libnxp_xpresso_1769_board_lib.a(board_nxp_xpresso_1769.o)
                0x000042b0                Board_UART_Init
 .text.Board_Debug_Init
                0x000042c4       0x34 C:\Projects\20150113Addit\nxp_xpresso_1769_board_lib\Debug\libnxp_xpresso_1769_board_lib.a(board_nxp_xpresso_1769.o)
                0x000042c4                Board_Debug_Init
 .text.Board_UARTPutChar
                0x000042f8       0x28 C:\Projects\20150113Addit\nxp_xpresso_1769_board_lib\Debug\libnxp_xpresso_1769_board_lib.a(board_nxp_xpresso_1769.o)
                0x000042f8                Board_UARTPutChar
 .text.Board_Init
                0x00004320       0x28 C:\Projects\20150113Addit\nxp_xpresso_1769_board_lib\Debug\libnxp_xpresso_1769_board_lib.a(board_nxp_xpresso_1769.o)
                0x00004320                Board_Init
 .text.IP_UART_Init
                0x00004348       0x9c C:\Projects\20150113Addit\nxp_xpresso_1769_board_lib\Debug\libnxp_xpresso_1769_board_lib.a(usart_001.o)
                0x00004348                IP_UART_Init
 .text.IP_UART_SetBaud
                0x000043e4      0x1ec C:\Projects\20150113Addit\nxp_xpresso_1769_board_lib\Debug\libnxp_xpresso_1769_board_lib.a(usart_001.o)
                0x000043e4                IP_UART_SetBaud
 .text.IP_UART_ConfigData
                0x000045d0       0x40 C:\Projects\20150113Addit\nxp_xpresso_1769_board_lib\Debug\libnxp_xpresso_1769_board_lib.a(usart_001.o)
                0x000045d0                IP_UART_ConfigData
 .text.IP_UART_SendByte
                0x00004610       0x30 C:\Projects\20150113Addit\nxp_xpresso_1769_board_lib\Debug\libnxp_xpresso_1769_board_lib.a(usart_001.o)
                0x00004610                IP_UART_SendByte
 .text.IP_UART_TxCmd
                0x00004640       0x34 C:\Projects\20150113Addit\nxp_xpresso_1769_board_lib\Debug\libnxp_xpresso_1769_board_lib.a(usart_001.o)
                0x00004640                IP_UART_TxCmd
 .text.Chip_UART_Get_UARTNum
                0x00004674       0x58 C:\Projects\20150113Addit\nxp_xpresso_1769_board_lib\Debug\libnxp_xpresso_1769_board_lib.a(uart_17xx_40xx.o)
 .text.Chip_UART_DetermineClk
                0x000046cc       0x50 C:\Projects\20150113Addit\nxp_xpresso_1769_board_lib\Debug\libnxp_xpresso_1769_board_lib.a(uart_17xx_40xx.o)
 .text.Chip_UART_GetClockRate
                0x0000471c       0x5c C:\Projects\20150113Addit\nxp_xpresso_1769_board_lib\Debug\libnxp_xpresso_1769_board_lib.a(uart_17xx_40xx.o)
 .text.Chip_UART_Init
                0x00004778       0x30 C:\Projects\20150113Addit\nxp_xpresso_1769_board_lib\Debug\libnxp_xpresso_1769_board_lib.a(uart_17xx_40xx.o)
                0x00004778                Chip_UART_Init
 .text.Chip_UART_SetBaud
                0x000047a8       0x28 C:\Projects\20150113Addit\nxp_xpresso_1769_board_lib\Debug\libnxp_xpresso_1769_board_lib.a(uart_17xx_40xx.o)
                0x000047a8                Chip_UART_SetBaud
 .text.Chip_UART_TxCmd
                0x000047d0       0x2c C:\Projects\20150113Addit\nxp_xpresso_1769_board_lib\Debug\libnxp_xpresso_1769_board_lib.a(uart_17xx_40xx.o)
                0x000047d0                Chip_UART_TxCmd
 .text.__main   0x000047fc       0x14 c:/nxp/lpcxpresso_7.5.0_254/lpcxpresso/tools/bin/../lib/gcc/arm-none-eabi/4.8.4/../../../../arm-none-eabi/lib/armv7-m\libcr_semihost.a(_cr__main.o)
                0x000047fc                __CR_SEMIHOST
                0x000047fc                __main
 .text.memcpy   0x00004810        0x4 c:/nxp/lpcxpresso_7.5.0_254/lpcxpresso/tools/bin/../lib/gcc/arm-none-eabi/4.8.4/../../../../arm-none-eabi/lib/armv7-m\libcr_c.a(memcpy.o)
                0x00004810                memcpy
 .text.memset   0x00004814        0x4 c:/nxp/lpcxpresso_7.5.0_254/lpcxpresso/tools/bin/../lib/gcc/arm-none-eabi/4.8.4/../../../../arm-none-eabi/lib/armv7-m\libcr_c.a(memset.o)
                0x00004814                memset
 .text.fp_round
                0x00004818       0x4e c:/nxp/lpcxpresso_7.5.0_254/lpcxpresso/tools/bin/../lib/gcc/arm-none-eabi/4.8.4/../../../../arm-none-eabi/lib/armv7-m\libcr_c.a(fpprintf.o)
 .text.pr_dec.constprop.1
                0x00004866       0x26 c:/nxp/lpcxpresso_7.5.0_254/lpcxpresso/tools/bin/../lib/gcc/arm-none-eabi/4.8.4/../../../../arm-none-eabi/lib/armv7-m\libcr_c.a(fpprintf.o)
 .text.sprintf  0x0000488c       0x6c c:/nxp/lpcxpresso_7.5.0_254/lpcxpresso/tools/bin/../lib/gcc/arm-none-eabi/4.8.4/../../../../arm-none-eabi/lib/armv7-m\libcr_c.a(fpprintf.o)
                0x0000488c                sprintf
 .text.fp_display
                0x000048f8      0x998 c:/nxp/lpcxpresso_7.5.0_254/lpcxpresso/tools/bin/../lib/gcc/arm-none-eabi/4.8.4/../../../../arm-none-eabi/lib/armv7-m\libcr_c.a(fpprintf.o)
 .text.vsprintf
                0x00005290       0x5c c:/nxp/lpcxpresso_7.5.0_254/lpcxpresso/tools/bin/../lib/gcc/arm-none-eabi/4.8.4/../../../../arm-none-eabi/lib/armv7-m\libcr_c.a(fpprintf.o)
                0x00005290                vsprintf
 .text._initio  0x000052ec       0xa4 c:/nxp/lpcxpresso_7.5.0_254/lpcxpresso/tools/bin/../lib/gcc/arm-none-eabi/4.8.4/../../../../arm-none-eabi/lib/armv7-m\libcr_c.a(initio.o)
                0x000052ec                _initio
 .text.__vfprintf
                0x00005390      0xca0 c:/nxp/lpcxpresso_7.5.0_254/lpcxpresso/tools/bin/../lib/gcc/arm-none-eabi/4.8.4/../../../../arm-none-eabi/lib/armv7-m\libcr_c.a(printf.o)
                0x00005390                __vfprintf
 .text.ch_val   0x00006030       0x30 c:/nxp/lpcxpresso_7.5.0_254/lpcxpresso/tools/bin/../lib/gcc/arm-none-eabi/4.8.4/../../../../arm-none-eabi/lib/armv7-m\libcr_c.a(scanf.o)
 .text._strtoul
                0x00006060       0xc0 c:/nxp/lpcxpresso_7.5.0_254/lpcxpresso/tools/bin/../lib/gcc/arm-none-eabi/4.8.4/../../../../arm-none-eabi/lib/armv7-m\libcr_c.a(scanf.o)
 .text.strtol   0x00006120       0x80 c:/nxp/lpcxpresso_7.5.0_254/lpcxpresso/tools/bin/../lib/gcc/arm-none-eabi/4.8.4/../../../../arm-none-eabi/lib/armv7-m\libcr_c.a(scanf.o)
                0x00006120                strtol
 .text.atoi     0x000061a0       0x18 c:/nxp/lpcxpresso_7.5.0_254/lpcxpresso/tools/bin/../lib/gcc/arm-none-eabi/4.8.4/../../../../arm-none-eabi/lib/armv7-m\libcr_c.a(scanf.o)
                0x000061a0                atoi
 .text.setvbuf  0x000061b8       0x40 c:/nxp/lpcxpresso_7.5.0_254/lpcxpresso/tools/bin/../lib/gcc/arm-none-eabi/4.8.4/../../../../arm-none-eabi/lib/armv7-m\libcr_c.a(setvbuf.o)
                0x000061b8                setvbuf
 .text.strchr   0x000061f8       0x1a c:/nxp/lpcxpresso_7.5.0_254/lpcxpresso/tools/bin/../lib/gcc/arm-none-eabi/4.8.4/../../../../arm-none-eabi/lib/armv7-m\libcr_c.a(strchr.o)
                0x000061f8                strchr
 .text.strcmp   0x00006212       0x44 c:/nxp/lpcxpresso_7.5.0_254/lpcxpresso/tools/bin/../lib/gcc/arm-none-eabi/4.8.4/../../../../arm-none-eabi/lib/armv7-m\libcr_c.a(strcmp.o)
                0x00006212                strcmp
 .text.strlen   0x00006256       0x4a c:/nxp/lpcxpresso_7.5.0_254/lpcxpresso/tools/bin/../lib/gcc/arm-none-eabi/4.8.4/../../../../arm-none-eabi/lib/armv7-m\libcr_c.a(strlen.o)
                0x00006256                strlen
 .text._deferredlazyseek
                0x000062a0       0x44 c:/nxp/lpcxpresso_7.5.0_254/lpcxpresso/tools/bin/../lib/gcc/arm-none-eabi/4.8.4/../../../../arm-none-eabi/lib/armv7-m\libcr_c.a(_deferredlazyseek.o)
                0x000062a0                _deferredlazyseek
 .text.__flsbuf
                0x000062e4      0x142 c:/nxp/lpcxpresso_7.5.0_254/lpcxpresso/tools/bin/../lib/gcc/arm-none-eabi/4.8.4/../../../../arm-none-eabi/lib/armv7-m\libcr_c.a(_deferredlazyseek.o)
                0x000062e4                __flsbuf
 .text._fdopen  0x00006426       0x6a c:/nxp/lpcxpresso_7.5.0_254/lpcxpresso/tools/bin/../lib/gcc/arm-none-eabi/4.8.4/../../../../arm-none-eabi/lib/armv7-m\libcr_c.a(_fdopen.o)
                0x00006426                _fdopen
 .text._fflush  0x00006490       0x58 c:/nxp/lpcxpresso_7.5.0_254/lpcxpresso/tools/bin/../lib/gcc/arm-none-eabi/4.8.4/../../../../arm-none-eabi/lib/armv7-m\libcr_c.a(_fflush.o)
                0x00006490                _fflush
 .text._frexpl  0x000064e8       0x5c c:/nxp/lpcxpresso_7.5.0_254/lpcxpresso/tools/bin/../lib/gcc/arm-none-eabi/4.8.4/../../../../arm-none-eabi/lib/armv7-m\libcr_c.a(_frexpl.o)
                0x000064e8                _frexpl
 .text._ldexpl  0x00006544       0x4c c:/nxp/lpcxpresso_7.5.0_254/lpcxpresso/tools/bin/../lib/gcc/arm-none-eabi/4.8.4/../../../../arm-none-eabi/lib/armv7-m\libcr_c.a(_ldexpl.o)
                0x00006544                _ldexpl
 .text._Cwritebuf
                0x00006590       0x70 c:/nxp/lpcxpresso_7.5.0_254/lpcxpresso/tools/bin/../lib/gcc/arm-none-eabi/4.8.4/../../../../arm-none-eabi/lib/armv7-m\libcr_c.a(_writebuf.o)
                0x00006590                _Cwritebuf
 .text.malloc   0x00006600       0xc8 c:/nxp/lpcxpresso_7.5.0_254/lpcxpresso/tools/bin/../lib/gcc/arm-none-eabi/4.8.4/../../../../arm-none-eabi/lib/armv7-m\libcr_c.a(alloc.o)
                0x00006600                malloc
 .text.free     0x000066c8        0xc c:/nxp/lpcxpresso_7.5.0_254/lpcxpresso/tools/bin/../lib/gcc/arm-none-eabi/4.8.4/../../../../arm-none-eabi/lib/armv7-m\libcr_c.a(alloc.o)
                0x000066c8                free
 .text._Csys_alloc
                0x000066d4       0x20 c:/nxp/lpcxpresso_7.5.0_254/lpcxpresso/tools/bin/../lib/gcc/arm-none-eabi/4.8.4/../../../../arm-none-eabi/lib/armv7-m\libcr_c.a(alloc.o)
                0x000066d4                _Csys_alloc
 .text.fclose   0x000066f4       0x6c c:/nxp/lpcxpresso_7.5.0_254/lpcxpresso/tools/bin/../lib/gcc/arm-none-eabi/4.8.4/../../../../arm-none-eabi/lib/armv7-m\libcr_c.a(fclose.o)
                0x000066f4                fclose
 .text.fflush   0x00006760       0x30 c:/nxp/lpcxpresso_7.5.0_254/lpcxpresso/tools/bin/../lib/gcc/arm-none-eabi/4.8.4/../../../../arm-none-eabi/lib/armv7-m\libcr_c.a(fflush.o)
                0x00006760                fflush
 .text.fseek    0x00006790      0x10c c:/nxp/lpcxpresso_7.5.0_254/lpcxpresso/tools/bin/../lib/gcc/arm-none-eabi/4.8.4/../../../../arm-none-eabi/lib/armv7-m\libcr_c.a(fseek.o)
                0x00006790                fseek
 .text.ftell    0x0000689c       0x4c c:/nxp/lpcxpresso_7.5.0_254/lpcxpresso/tools/bin/../lib/gcc/arm-none-eabi/4.8.4/../../../../arm-none-eabi/lib/armv7-m\libcr_c.a(ftell.o)
                0x0000689c                ftell
 .text.remove   0x000068e8       0x14 c:/nxp/lpcxpresso_7.5.0_254/lpcxpresso/tools/bin/../lib/gcc/arm-none-eabi/4.8.4/../../../../arm-none-eabi/lib/armv7-m\libcr_c.a(remove.o)
                0x000068e8                remove
 .text._sbrk    0x000068fc       0x40 c:/nxp/lpcxpresso_7.5.0_254/lpcxpresso/tools/bin/../lib/gcc/arm-none-eabi/4.8.4/../../../../arm-none-eabi/lib/armv7-m\libcr_c.a(_cr_sbrk.o)
                0x000068fc                _sbrk
 .text._do_fflush
                0x0000693c       0x44 c:/nxp/lpcxpresso_7.5.0_254/lpcxpresso/tools/bin/../lib/gcc/arm-none-eabi/4.8.4/../../../../arm-none-eabi/lib/armv7-m\libcr_c.a(_do_fflush.o)
                0x0000693c                _do_fflush
 .text.__check_heap_overflow
                0x00006980       0x18 c:/nxp/lpcxpresso_7.5.0_254/lpcxpresso/tools/bin/../lib/gcc/arm-none-eabi/4.8.4/../../../../arm-none-eabi/lib/armv7-m\libcr_c.a(_cr_check_heap.o)
                0x00006980                __check_heap_overflow
 .text.__aeabi_division_uldivmod
                0x00006998      0x188 c:/nxp/lpcxpresso_7.5.0_254/lpcxpresso/tools/bin/../lib/gcc/arm-none-eabi/4.8.4/armv7-m\libcr_eabihelpers.a(division_64.o)
                0x00006998                __aeabi_uldivmod
                0x0000699c                __bhs_ldivmod1
 .text.__aeabi_division_idiv0
                0x00006b20        0x2 c:/nxp/lpcxpresso_7.5.0_254/lpcxpresso/tools/bin/../lib/gcc/arm-none-eabi/4.8.4/armv7-m\libcr_eabihelpers.a(division_idiv0.o)
                0x00006b20                __aeabi_idiv0
 *fill*         0x00006b22        0x2 
 .text.__aeabi_dmul
                0x00006b24      0x12c c:/nxp/lpcxpresso_7.5.0_254/lpcxpresso/tools/bin/../lib/gcc/arm-none-eabi/4.8.4/armv7-m\libcr_eabihelpers.a(double.o)
                0x00006b24                __aeabi_dmul
 .text.__aeabi_ddiv
                0x00006c50      0x16c c:/nxp/lpcxpresso_7.5.0_254/lpcxpresso/tools/bin/../lib/gcc/arm-none-eabi/4.8.4/armv7-m\libcr_eabihelpers.a(double.o)
                0x00006c50                __aeabi_ddiv
 .text.__aeabi_dsub
                0x00006dbc      0x228 c:/nxp/lpcxpresso_7.5.0_254/lpcxpresso/tools/bin/../lib/gcc/arm-none-eabi/4.8.4/armv7-m\libcr_eabihelpers.a(double.o)
                0x00006dbc                __aeabi_dsub
 .text.__aeabi_dadd
                0x00006fe4      0x178 c:/nxp/lpcxpresso_7.5.0_254/lpcxpresso/tools/bin/../lib/gcc/arm-none-eabi/4.8.4/armv7-m\libcr_eabihelpers.a(double.o)
                0x00006fe4                __aeabi_dadd
 .text.__aeabi_d2iz
                0x0000715c       0x4c c:/nxp/lpcxpresso_7.5.0_254/lpcxpresso/tools/bin/../lib/gcc/arm-none-eabi/4.8.4/armv7-m\libcr_eabihelpers.a(double.o)
                0x0000715c                __aeabi_d2iz
 .text.__bhs_ui2d
                0x000071a8       0x48 c:/nxp/lpcxpresso_7.5.0_254/lpcxpresso/tools/bin/../lib/gcc/arm-none-eabi/4.8.4/armv7-m\libcr_eabihelpers.a(double.o)
                0x000071a8                __bhs_ui2d
 .text.__aeabi_i2d
                0x000071f0       0x10 c:/nxp/lpcxpresso_7.5.0_254/lpcxpresso/tools/bin/../lib/gcc/arm-none-eabi/4.8.4/armv7-m\libcr_eabihelpers.a(double.o)
                0x000071f0                __aeabi_i2d
 .text.__aeabi_dcmpeq
                0x00007200       0x40 c:/nxp/lpcxpresso_7.5.0_254/lpcxpresso/tools/bin/../lib/gcc/arm-none-eabi/4.8.4/armv7-m\libcr_eabihelpers.a(double.o)
                0x00007200                __aeabi_dcmpeq
 .text.__aeabi_dcmplt
                0x00007240       0x70 c:/nxp/lpcxpresso_7.5.0_254/lpcxpresso/tools/bin/../lib/gcc/arm-none-eabi/4.8.4/armv7-m\libcr_eabihelpers.a(double.o)
                0x00007240                __aeabi_dcmplt
 .text.__aeabi_dcmple
                0x000072b0       0x68 c:/nxp/lpcxpresso_7.5.0_254/lpcxpresso/tools/bin/../lib/gcc/arm-none-eabi/4.8.4/armv7-m\libcr_eabihelpers.a(double.o)
                0x000072b0                __aeabi_dcmple
 .text.__aeabi_dcmpge
                0x00007318       0x64 c:/nxp/lpcxpresso_7.5.0_254/lpcxpresso/tools/bin/../lib/gcc/arm-none-eabi/4.8.4/armv7-m\libcr_eabihelpers.a(double.o)
                0x00007318                __aeabi_dcmpge
 .text.__aeabi_memcpy
                0x0000737c       0x3a c:/nxp/lpcxpresso_7.5.0_254/lpcxpresso/tools/bin/../lib/gcc/arm-none-eabi/4.8.4/armv7-m\libcr_eabihelpers.a(memcpy.o)
                0x0000737c                __aeabi_memcpy
                0x00007388                __aeabi_memcpy8
                0x00007388                __aeabi_memcpy4
 .text.__aeabi_memset_lowlevel
                0x000073b6       0x38 c:/nxp/lpcxpresso_7.5.0_254/lpcxpresso/tools/bin/../lib/gcc/arm-none-eabi/4.8.4/armv7-m\libcr_eabihelpers.a(memcpy.o)
                0x000073b6                __aeabi_lowlevel_memset
 *fill*         0x000073ee        0x2 
 .text.__sys_appexit
                0x000073f0        0xc c:/nxp/lpcxpresso_7.5.0_254/lpcxpresso/tools/bin/../lib/gcc/arm-none-eabi/4.8.4/../../../../arm-none-eabi/lib/armv7-m\libcr_semihost.a(__sys_appexit.o)
                0x000073f0                __sys_appexit
                0x000073f0                __exit
 .text.__sys_close
                0x000073fc        0xc c:/nxp/lpcxpresso_7.5.0_254/lpcxpresso/tools/bin/../lib/gcc/arm-none-eabi/4.8.4/../../../../arm-none-eabi/lib/armv7-m\libcr_semihost.a(__sys_close.o)
                0x000073fc                __sys_close
 .text.__sys_flen
                0x00007408        0xc c:/nxp/lpcxpresso_7.5.0_254/lpcxpresso/tools/bin/../lib/gcc/arm-none-eabi/4.8.4/../../../../arm-none-eabi/lib/armv7-m\libcr_semihost.a(__sys_flen.o)
                0x00007408                __sys_flen
 .text.__sys_istty
                0x00007414        0xc c:/nxp/lpcxpresso_7.5.0_254/lpcxpresso/tools/bin/../lib/gcc/arm-none-eabi/4.8.4/../../../../arm-none-eabi/lib/armv7-m\libcr_semihost.a(__sys_istty.o)
                0x00007414                __sys_istty
 .text.__sys_remove
                0x00007420        0xc c:/nxp/lpcxpresso_7.5.0_254/lpcxpresso/tools/bin/../lib/gcc/arm-none-eabi/4.8.4/../../../../arm-none-eabi/lib/armv7-m\libcr_semihost.a(__sys_remove.o)
                0x00007420                __sys_remove
 .text.__sys_seek
                0x0000742c        0xc c:/nxp/lpcxpresso_7.5.0_254/lpcxpresso/tools/bin/../lib/gcc/arm-none-eabi/4.8.4/../../../../arm-none-eabi/lib/armv7-m\libcr_semihost.a(__sys_seek.o)
                0x0000742c                __sys_seek
 .text.__sys_tmpnam
                0x00007438        0xc c:/nxp/lpcxpresso_7.5.0_254/lpcxpresso/tools/bin/../lib/gcc/arm-none-eabi/4.8.4/../../../../arm-none-eabi/lib/armv7-m\libcr_semihost.a(__sys_tmpnam.o)
                0x00007438                __sys_tmpnam
 *(.rodata .rodata.* .constdata .constdata.*)
 .rodata        0x00007444       0x80 ./inc/console.o
 .rodata.str1.1
                0x000074c4       0x34 c:/nxp/lpcxpresso_7.5.0_254/lpcxpresso/tools/bin/../lib/gcc/arm-none-eabi/4.8.4/../../../../arm-none-eabi/lib/armv7-m\libcr_c.a(fpprintf.o)
                                 0x35 (size before relaxing)
 .rodata.str1.1
                0x000074f8        0x4 c:/nxp/lpcxpresso_7.5.0_254/lpcxpresso/tools/bin/../lib/gcc/arm-none-eabi/4.8.4/../../../../arm-none-eabi/lib/armv7-m\libcr_c.a(initio.o)
 .rodata.str1.1
                0x000074fc       0x31 c:/nxp/lpcxpresso_7.5.0_254/lpcxpresso/tools/bin/../lib/gcc/arm-none-eabi/4.8.4/../../../../arm-none-eabi/lib/armv7-m\libcr_c.a(printf.o)
                                 0x38 (size before relaxing)
 *fill*         0x0000752d        0x3 
 .rodata.__huge_vall
                0x00007530        0x8 c:/nxp/lpcxpresso_7.5.0_254/lpcxpresso/tools/bin/../lib/gcc/arm-none-eabi/4.8.4/../../../../arm-none-eabi/lib/armv7-m\libcr_c.a(_hugeval.o)
                0x00007530                __huge_vall
 .rodata.str1.1
                0x00007538       0x18 c:/nxp/lpcxpresso_7.5.0_254/lpcxpresso/tools/bin/../lib/gcc/arm-none-eabi/4.8.4/../../../../arm-none-eabi/lib/armv7-m\libcr_c.a(alloc.o)
 .rodata.__ctype
                0x00007550      0x180 c:/nxp/lpcxpresso_7.5.0_254/lpcxpresso/tools/bin/../lib/gcc/arm-none-eabi/4.8.4/../../../../arm-none-eabi/lib/armv7-m\libcr_c.a(ctype.o)
                0x00007550                __ctype
                0x000076d0                . = ALIGN (0x4)

.glue_7         0x000076d0        0x0
 .glue_7        0x00000000        0x0 linker stubs

.glue_7t        0x000076d0        0x0
 .glue_7t       0x00000000        0x0 linker stubs

.vfp11_veneer   0x000076d0        0x0
 .vfp11_veneer  0x00000000        0x0 linker stubs

.v4_bx          0x000076d0        0x0
 .v4_bx         0x00000000        0x0 linker stubs

.iplt           0x000076d0        0x0
 .iplt          0x00000000        0x0 ./src/Addit.o

.rel.dyn        0x000076d0        0x0
 .rel.iplt      0x00000000        0x0 ./src/Addit.o

.ARM.extab
 *(.ARM.extab* .gnu.linkonce.armextab.*)
                0x000076d0                __exidx_start = .

.ARM.exidx
 *(.ARM.exidx* .gnu.linkonce.armexidx.*)
                0x000076d0                __exidx_end = .
                0x000076d0                _etext = .

.data_RAM2      0x2007c000        0x0 load address 0x000076d0
 FILL mask 0xff
 *(.ramfunc.$RAM2)
 *(.ramfunc.$RamAHB32)
 *(.data.$RAM2*)
 *(.data.$RamAHB32*)
                0x2007c000                . = ALIGN (0x4)

.uninit_RESERVED
                0x10000000        0x0
 *(.bss.$RESERVED*)
                0x10000000                . = ALIGN (0x4)
                0x10000000                _end_uninit_RESERVED = .

.data           0x10000000       0xd0 load address 0x000076d0
 FILL mask 0xff
                0x10000000                _data = .
 *(vtable)
 *(.ramfunc*)
 *(.data*)
 .data.Motor1_state
                0x10000000       0x1c ./src/Addit.o
                0x10000000                Motor1_state
 .data.VirtualSerial_CDC_Interface
                0x1000001c       0x1c ./src/Addit.o
                0x1000001c                VirtualSerial_CDC_Interface
 .data.DeviceDescriptor
                0x10000038       0x14 ./inc/Descriptors.o
                0x10000038                DeviceDescriptor
 .data.ConfigurationDescriptor
                0x1000004c       0x40 ./inc/Descriptors.o
                0x1000004c                ConfigurationDescriptor
 .data.LanguageString
                0x1000008c        0x4 ./inc/Descriptors.o
                0x1000008c                LanguageString
 .data.LanguageStringPtr
                0x10000090        0x4 ./inc/Descriptors.o
                0x10000090                LanguageStringPtr
 .data.ManufacturerString
                0x10000094        0x8 ./inc/Descriptors.o
                0x10000094                ManufacturerString
 .data.ManufacturerStringPtr
                0x1000009c        0x4 ./inc/Descriptors.o
                0x1000009c                ManufacturerStringPtr
 .data.ProductString
                0x100000a0       0x28 ./inc/Descriptors.o
                0x100000a0                ProductString
 .data.ProductStringPtr
                0x100000c8        0x4 ./inc/Descriptors.o
                0x100000c8                ProductStringPtr
 .data.flag.4109
                0x100000cc        0x4 ./inc/console.o
                0x100000d0                . = ALIGN (0x4)
                0x100000d0                _edata = .

.igot.plt       0x100000d0        0x0 load address 0x000077a0
 .igot.plt      0x00000000        0x0 ./src/Addit.o

.bss_RAM2       0x2007c000      0xa80
 *(.bss.$RAM2*)
 .bss.$RAM2     0x2007c000        0x8 C:\Projects\20150113Addit\nxp_xpresso_1769_usblib_device\Debug\libnxp_xpresso_1769_usblib_device.a(USBTask.o)
                0x2007c000                USB_ControlRequest
 *fill*         0x2007c008       0x78 
 .bss.$RAM2     0x2007c080      0x400 C:\Projects\20150113Addit\nxp_xpresso_1769_usblib_device\Debug\libnxp_xpresso_1769_usblib_device.a(Endpoint_LPC17xx.o)
                0x2007c080                UDCA
                0x2007c100                dmaDescriptor
                0x2007c1f8                iso_buffer
                0x2007c3f8                BufferAddressIso
 .bss.$RAM2     0x2007c480      0x600 C:\Projects\20150113Addit\nxp_xpresso_1769_usblib_device\Debug\libnxp_xpresso_1769_usblib_device.a(Endpoint.o)
                0x2007c480                usb_data_buffer
                0x2007c680                usb_data_buffer_OUT
                0x2007c880                usb_data_buffer_IN
 *(.bss.$RamAHB32*)
                0x2007ca80                . = ALIGN (0x4)

.bss            0x100000d0      0x244
                0x100000d0                _bss = .
 *(.bss*)
 .bss.Buff      0x100000d0       0x64 ./inc/console.o
                0x100000d0                Buff
 .bss.counter.4110
                0x10000134        0x4 ./inc/console.o
 .bss.SETUP_HANDLED
                0x10000138        0x4 C:\Projects\20150113Addit\nxp_xpresso_1769_usblib_device\Debug\libnxp_xpresso_1769_usblib_device.a(DeviceStandardReq.o)
                0x10000138                SETUP_HANDLED
 .bss.errno     0x1000013c        0x4 c:/nxp/lpcxpresso_7.5.0_254/lpcxpresso/tools/bin/../lib/gcc/arm-none-eabi/4.8.4/../../../../arm-none-eabi/lib/armv7-m\libcr_c.a(errno.o)
                0x1000013c                errno
 *(COMMON)
 COMMON         0x10000140       0x24 ./src/Addit.o
                0x10000140                test
                0x10000144                sendData
                0x10000148                Motor1
 COMMON         0x10000164       0x10 ./inc/console.o
                0x10000164                CommandLine
 COMMON         0x10000174        0x1 C:\Projects\20150113Addit\nxp_xpresso_1769_usblib_device\Debug\libnxp_xpresso_1769_usblib_device.a(USBController.o)
                0x10000174                USB_CurrentMode
 *fill*         0x10000175        0x3 
 COMMON         0x10000178        0x5 C:\Projects\20150113Addit\nxp_xpresso_1769_usblib_device\Debug\libnxp_xpresso_1769_usblib_device.a(USBTask.o)
                0x10000178                USB_IsInitialized
                0x1000017c                USB_DeviceState
 *fill*         0x1000017d        0x3 
 COMMON         0x10000180       0x18 C:\Projects\20150113Addit\nxp_xpresso_1769_usblib_device\Debug\libnxp_xpresso_1769_usblib_device.a(Endpoint_LPC17xx.o)
                0x10000180                DataInRemainOffset
                0x10000184                ISO_Address
                0x10000188                SETUPReceived
                0x10000189                isInReady
                0x1000018a                isOutReceived
                0x1000018b                shortpacket
                0x1000018c                SizeAudioTransfer
                0x10000190                IsConfigured
                0x10000194                DataInRemainCount
 COMMON         0x10000198        0x3 C:\Projects\20150113Addit\nxp_xpresso_1769_usblib_device\Debug\libnxp_xpresso_1769_usblib_device.a(DeviceStandardReq.o)
                0x10000198                USB_Device_ConfigurationNumber
                0x10000199                USB_Device_CurrentlySelfPowered
                0x1000019a                USB_Device_RemoteWakeupEnabled
 *fill*         0x1000019b        0x1 
 COMMON         0x1000019c       0x26 C:\Projects\20150113Addit\nxp_xpresso_1769_usblib_device\Debug\libnxp_xpresso_1769_usblib_device.a(Endpoint.o)
                0x1000019c                usb_data_buffer_OUT_size
                0x100001a0                endpointselected
                0x100001a4                usb_data_buffer_index
                0x100001a8                usb_data_buffer_IN_index
                0x100001ac                usb_data_buffer_size
                0x100001b0                usb_data_buffer_OUT_index
                0x100001b4                endpointhandle0
                0x100001bc                endpointhandle1
 *fill*         0x100001c2        0x2 
 COMMON         0x100001c4        0x4 C:\Projects\20150113Addit\nxp_xpresso_1769_board_lib\Debug\libnxp_xpresso_1769_board_lib.a(board_nxp_xpresso_1769.o)
                0x100001c4                SystemCoreClock
 COMMON         0x100001c8        0x4 c:/nxp/lpcxpresso_7.5.0_254/lpcxpresso/tools/bin/../lib/gcc/arm-none-eabi/4.8.4/../../../../arm-none-eabi/lib/armv7-m\libcr_c.a(initio.o)
                0x100001c8                _extra
 COMMON         0x100001cc      0x140 c:/nxp/lpcxpresso_7.5.0_254/lpcxpresso/tools/bin/../lib/gcc/arm-none-eabi/4.8.4/../../../../arm-none-eabi/lib/armv7-m\libcr_c.a(stdio.o)
                0x100001cc                __Ciob
 COMMON         0x1000030c        0x8 c:/nxp/lpcxpresso_7.5.0_254/lpcxpresso/tools/bin/../lib/gcc/arm-none-eabi/4.8.4/../../../../arm-none-eabi/lib/armv7-m\libcr_c.a(__init_alloc.o)
                0x1000030c                __heaps
                0x10000310                __end_of_heap
                0x10000314                . = ALIGN (0x4)
                0x10000314                _ebss = .
                0x10000314                PROVIDE (end, .)

.noinit_RAM2    0x2007ca80        0x0
 *(.noinit.$RAM2*)
 *(.noinit.$RamAHB32*)
                0x2007ca80                . = ALIGN (0x4)

.noinit         0x10000314        0x0
                0x10000314                _noinit = .
 *(.noinit*)
                0x10000314                . = ALIGN (0x4)
                0x10000314                _end_noinit = .
                0x10000314                PROVIDE (_pvHeapStart, DEFINED (__user_heap_base)?__user_heap_base:.)
                0x10008000                PROVIDE (_vStackTop, DEFINED (__user_stack_top)?__user_stack_top:(__top_RamLoc32 - 0x0))
OUTPUT(Addit.axf elf32-littlearm)

.debug_info     0x00000000     0xbfa9
 .debug_info    0x00000000      0x7d3 ./src/Addit.o
 .debug_info    0x000007d3      0x24b ./src/cr_startup_lpc175x_6x.o
 .debug_info    0x00000a1e       0x3f ./src/crp.o
 .debug_info    0x00000a5d      0x986 ./inc/Descriptors.o
 .debug_info    0x000013e3      0x4d1 ./inc/console.o
 .debug_info    0x000018b4      0x1e9 ./inc/drv8840.o
 .debug_info    0x00001a9d      0x60b ./inc/interfaces.o
 .debug_info    0x000020a8      0x4cb C:\Projects\20150113Addit\nxp_xpresso_1769_usblib_device\Debug\libnxp_xpresso_1769_usblib_device.a(USBController.o)
 .debug_info    0x00002573      0x559 C:\Projects\20150113Addit\nxp_xpresso_1769_usblib_device\Debug\libnxp_xpresso_1769_usblib_device.a(USBTask.o)
 .debug_info    0x00002acc     0x174d C:\Projects\20150113Addit\nxp_xpresso_1769_usblib_device\Debug\libnxp_xpresso_1769_usblib_device.a(CDCClassDevice.o)
 .debug_info    0x00004219      0xe4b C:\Projects\20150113Addit\nxp_xpresso_1769_usblib_device\Debug\libnxp_xpresso_1769_usblib_device.a(HAL_LPC17xx.o)
 .debug_info    0x00005064     0x1042 C:\Projects\20150113Addit\nxp_xpresso_1769_usblib_device\Debug\libnxp_xpresso_1769_usblib_device.a(Endpoint_LPC17xx.o)
 .debug_info    0x000060a6     0x106e C:\Projects\20150113Addit\nxp_xpresso_1769_usblib_device\Debug\libnxp_xpresso_1769_usblib_device.a(DeviceStandardReq.o)
 .debug_info    0x00007114      0xb22 C:\Projects\20150113Addit\nxp_xpresso_1769_usblib_device\Debug\libnxp_xpresso_1769_usblib_device.a(Endpoint.o)
 .debug_info    0x00007c36      0xe65 C:\Projects\20150113Addit\nxp_xpresso_1769_usblib_device\Debug\libnxp_xpresso_1769_usblib_device.a(EndpointStream.o)
 .debug_info    0x00008a9b      0xb2b C:\Projects\20150113Addit\nxp_xpresso_1769_board_lib\Debug\libnxp_xpresso_1769_board_lib.a(clock_17xx_40xx.o)
 .debug_info    0x000095c6      0x1d7 C:\Projects\20150113Addit\nxp_xpresso_1769_board_lib\Debug\libnxp_xpresso_1769_board_lib.a(iocon_17xx_40xx.o)
 .debug_info    0x0000979d     0x11fe C:\Projects\20150113Addit\nxp_xpresso_1769_board_lib\Debug\libnxp_xpresso_1769_board_lib.a(board_nxp_xpresso_1769.o)
 .debug_info    0x0000a99b      0xa8c C:\Projects\20150113Addit\nxp_xpresso_1769_board_lib\Debug\libnxp_xpresso_1769_board_lib.a(usart_001.o)
 .debug_info    0x0000b427      0xb82 C:\Projects\20150113Addit\nxp_xpresso_1769_board_lib\Debug\libnxp_xpresso_1769_board_lib.a(uart_17xx_40xx.o)

.debug_abbrev   0x00000000     0x288a
 .debug_abbrev  0x00000000      0x2d0 ./src/Addit.o
 .debug_abbrev  0x000002d0       0xf5 ./src/cr_startup_lpc175x_6x.o
 .debug_abbrev  0x000003c5       0x36 ./src/crp.o
 .debug_abbrev  0x000003fb      0x178 ./inc/Descriptors.o
 .debug_abbrev  0x00000573      0x1f2 ./inc/console.o
 .debug_abbrev  0x00000765       0xc1 ./inc/drv8840.o
 .debug_abbrev  0x00000826      0x127 ./inc/interfaces.o
 .debug_abbrev  0x0000094d      0x143 C:\Projects\20150113Addit\nxp_xpresso_1769_usblib_device\Debug\libnxp_xpresso_1769_usblib_device.a(USBController.o)
 .debug_abbrev  0x00000a90      0x1d4 C:\Projects\20150113Addit\nxp_xpresso_1769_usblib_device\Debug\libnxp_xpresso_1769_usblib_device.a(USBTask.o)
 .debug_abbrev  0x00000c64      0x32c C:\Projects\20150113Addit\nxp_xpresso_1769_usblib_device\Debug\libnxp_xpresso_1769_usblib_device.a(CDCClassDevice.o)
 .debug_abbrev  0x00000f90      0x21e C:\Projects\20150113Addit\nxp_xpresso_1769_usblib_device\Debug\libnxp_xpresso_1769_usblib_device.a(HAL_LPC17xx.o)
 .debug_abbrev  0x000011ae      0x366 C:\Projects\20150113Addit\nxp_xpresso_1769_usblib_device\Debug\libnxp_xpresso_1769_usblib_device.a(Endpoint_LPC17xx.o)
 .debug_abbrev  0x00001514      0x2ee C:\Projects\20150113Addit\nxp_xpresso_1769_usblib_device\Debug\libnxp_xpresso_1769_usblib_device.a(DeviceStandardReq.o)
 .debug_abbrev  0x00001802      0x29a C:\Projects\20150113Addit\nxp_xpresso_1769_usblib_device\Debug\libnxp_xpresso_1769_usblib_device.a(Endpoint.o)
 .debug_abbrev  0x00001a9c      0x25e C:\Projects\20150113Addit\nxp_xpresso_1769_usblib_device\Debug\libnxp_xpresso_1769_usblib_device.a(EndpointStream.o)
 .debug_abbrev  0x00001cfa      0x2d3 C:\Projects\20150113Addit\nxp_xpresso_1769_board_lib\Debug\libnxp_xpresso_1769_board_lib.a(clock_17xx_40xx.o)
 .debug_abbrev  0x00001fcd       0xdf C:\Projects\20150113Addit\nxp_xpresso_1769_board_lib\Debug\libnxp_xpresso_1769_board_lib.a(iocon_17xx_40xx.o)
 .debug_abbrev  0x000020ac      0x310 C:\Projects\20150113Addit\nxp_xpresso_1769_board_lib\Debug\libnxp_xpresso_1769_board_lib.a(board_nxp_xpresso_1769.o)
 .debug_abbrev  0x000023bc      0x23e C:\Projects\20150113Addit\nxp_xpresso_1769_board_lib\Debug\libnxp_xpresso_1769_board_lib.a(usart_001.o)
 .debug_abbrev  0x000025fa      0x290 C:\Projects\20150113Addit\nxp_xpresso_1769_board_lib\Debug\libnxp_xpresso_1769_board_lib.a(uart_17xx_40xx.o)

.debug_aranges  0x00000000      0x8d8
 .debug_aranges
                0x00000000       0x60 ./src/Addit.o
 .debug_aranges
                0x00000060       0x80 ./src/cr_startup_lpc175x_6x.o
 .debug_aranges
                0x000000e0       0x18 ./src/crp.o
 .debug_aranges
                0x000000f8       0x20 ./inc/Descriptors.o
 .debug_aranges
                0x00000118       0x48 ./inc/console.o
 .debug_aranges
                0x00000160       0x28 ./inc/drv8840.o
 .debug_aranges
                0x00000188       0x58 ./inc/interfaces.o
 .debug_aranges
                0x000001e0       0x38 C:\Projects\20150113Addit\nxp_xpresso_1769_usblib_device\Debug\libnxp_xpresso_1769_usblib_device.a(USBController.o)
 .debug_aranges
                0x00000218       0x28 C:\Projects\20150113Addit\nxp_xpresso_1769_usblib_device\Debug\libnxp_xpresso_1769_usblib_device.a(USBTask.o)
 .debug_aranges
                0x00000240       0x78 C:\Projects\20150113Addit\nxp_xpresso_1769_usblib_device\Debug\libnxp_xpresso_1769_usblib_device.a(CDCClassDevice.o)
 .debug_aranges
                0x000002b8       0x60 C:\Projects\20150113Addit\nxp_xpresso_1769_usblib_device\Debug\libnxp_xpresso_1769_usblib_device.a(HAL_LPC17xx.o)
 .debug_aranges
                0x00000318       0xa8 C:\Projects\20150113Addit\nxp_xpresso_1769_usblib_device\Debug\libnxp_xpresso_1769_usblib_device.a(Endpoint_LPC17xx.o)
 .debug_aranges
                0x000003c0       0x50 C:\Projects\20150113Addit\nxp_xpresso_1769_usblib_device\Debug\libnxp_xpresso_1769_usblib_device.a(DeviceStandardReq.o)
 .debug_aranges
                0x00000410       0x38 C:\Projects\20150113Addit\nxp_xpresso_1769_usblib_device\Debug\libnxp_xpresso_1769_usblib_device.a(Endpoint.o)
 .debug_aranges
                0x00000448       0x68 C:\Projects\20150113Addit\nxp_xpresso_1769_usblib_device\Debug\libnxp_xpresso_1769_usblib_device.a(EndpointStream.o)
 .debug_aranges
                0x000004b0      0x120 C:\Projects\20150113Addit\nxp_xpresso_1769_board_lib\Debug\libnxp_xpresso_1769_board_lib.a(clock_17xx_40xx.o)
 .debug_aranges
                0x000005d0       0x20 C:\Projects\20150113Addit\nxp_xpresso_1769_board_lib\Debug\libnxp_xpresso_1769_board_lib.a(iocon_17xx_40xx.o)
 .debug_aranges
                0x000005f0      0x188 C:\Projects\20150113Addit\nxp_xpresso_1769_board_lib\Debug\libnxp_xpresso_1769_board_lib.a(board_nxp_xpresso_1769.o)
 .debug_aranges
                0x00000778       0xa8 C:\Projects\20150113Addit\nxp_xpresso_1769_board_lib\Debug\libnxp_xpresso_1769_board_lib.a(usart_001.o)
 .debug_aranges
                0x00000820       0xb8 C:\Projects\20150113Addit\nxp_xpresso_1769_board_lib\Debug\libnxp_xpresso_1769_board_lib.a(uart_17xx_40xx.o)

.debug_ranges   0x00000000      0x7f0
 .debug_ranges  0x00000000       0x50 ./src/Addit.o
 .debug_ranges  0x00000050       0x70 ./src/cr_startup_lpc175x_6x.o
 .debug_ranges  0x000000c0       0x10 ./inc/Descriptors.o
 .debug_ranges  0x000000d0       0x38 ./inc/console.o
 .debug_ranges  0x00000108       0x18 ./inc/drv8840.o
 .debug_ranges  0x00000120       0x48 ./inc/interfaces.o
 .debug_ranges  0x00000168       0x28 C:\Projects\20150113Addit\nxp_xpresso_1769_usblib_device\Debug\libnxp_xpresso_1769_usblib_device.a(USBController.o)
 .debug_ranges  0x00000190       0x18 C:\Projects\20150113Addit\nxp_xpresso_1769_usblib_device\Debug\libnxp_xpresso_1769_usblib_device.a(USBTask.o)
 .debug_ranges  0x000001a8       0x80 C:\Projects\20150113Addit\nxp_xpresso_1769_usblib_device\Debug\libnxp_xpresso_1769_usblib_device.a(CDCClassDevice.o)
 .debug_ranges  0x00000228       0x50 C:\Projects\20150113Addit\nxp_xpresso_1769_usblib_device\Debug\libnxp_xpresso_1769_usblib_device.a(HAL_LPC17xx.o)
 .debug_ranges  0x00000278       0xb0 C:\Projects\20150113Addit\nxp_xpresso_1769_usblib_device\Debug\libnxp_xpresso_1769_usblib_device.a(Endpoint_LPC17xx.o)
 .debug_ranges  0x00000328       0x58 C:\Projects\20150113Addit\nxp_xpresso_1769_usblib_device\Debug\libnxp_xpresso_1769_usblib_device.a(DeviceStandardReq.o)
 .debug_ranges  0x00000380       0x40 C:\Projects\20150113Addit\nxp_xpresso_1769_usblib_device\Debug\libnxp_xpresso_1769_usblib_device.a(Endpoint.o)
 .debug_ranges  0x000003c0       0x58 C:\Projects\20150113Addit\nxp_xpresso_1769_usblib_device\Debug\libnxp_xpresso_1769_usblib_device.a(EndpointStream.o)
 .debug_ranges  0x00000418      0x110 C:\Projects\20150113Addit\nxp_xpresso_1769_board_lib\Debug\libnxp_xpresso_1769_board_lib.a(clock_17xx_40xx.o)
 .debug_ranges  0x00000528       0x10 C:\Projects\20150113Addit\nxp_xpresso_1769_board_lib\Debug\libnxp_xpresso_1769_board_lib.a(iocon_17xx_40xx.o)
 .debug_ranges  0x00000538      0x178 C:\Projects\20150113Addit\nxp_xpresso_1769_board_lib\Debug\libnxp_xpresso_1769_board_lib.a(board_nxp_xpresso_1769.o)
 .debug_ranges  0x000006b0       0x98 C:\Projects\20150113Addit\nxp_xpresso_1769_board_lib\Debug\libnxp_xpresso_1769_board_lib.a(usart_001.o)
 .debug_ranges  0x00000748       0xa8 C:\Projects\20150113Addit\nxp_xpresso_1769_board_lib\Debug\libnxp_xpresso_1769_board_lib.a(uart_17xx_40xx.o)

.debug_macro    0x00000000     0x9acb
 .debug_macro   0x00000000      0x55a ./src/Addit.o
 .debug_macro   0x0000055a      0x868 ./src/Addit.o
 .debug_macro   0x00000dc2       0x82 ./src/Addit.o
 .debug_macro   0x00000e44       0x10 ./src/Addit.o
 .debug_macro   0x00000e54      0x12d ./src/Addit.o
 .debug_macro   0x00000f81       0xa0 ./src/Addit.o
 .debug_macro   0x00001021       0x2e ./src/Addit.o
 .debug_macro   0x0000104f      0x5b2 ./src/Addit.o
 .debug_macro   0x00001601       0x22 ./src/Addit.o
 .debug_macro   0x00001623       0x74 ./src/Addit.o
 .debug_macro   0x00001697       0x26 ./src/Addit.o
 .debug_macro   0x000016bd       0x3a ./src/Addit.o
 .debug_macro   0x000016f7       0x18 ./src/Addit.o
 .debug_macro   0x0000170f      0xbb1 ./src/Addit.o
 .debug_macro   0x000022c0       0x76 ./src/Addit.o
 .debug_macro   0x00002336      0x477 ./src/Addit.o
 .debug_macro   0x000027ad       0x34 ./src/Addit.o
 .debug_macro   0x000027e1      0x4c5 ./src/Addit.o
 .debug_macro   0x00002ca6       0xa6 ./src/Addit.o
 .debug_macro   0x00002d4c       0x10 ./src/Addit.o
 .debug_macro   0x00002d5c      0x21d ./src/Addit.o
 .debug_macro   0x00002f79      0x1b8 ./src/Addit.o
 .debug_macro   0x00003131      0x162 ./src/Addit.o
 .debug_macro   0x00003293       0x90 ./src/Addit.o
 .debug_macro   0x00003323       0x94 ./src/Addit.o
 .debug_macro   0x000033b7       0x4c ./src/Addit.o
 .debug_macro   0x00003403      0x37f ./src/Addit.o
 .debug_macro   0x00003782       0x40 ./src/Addit.o
 .debug_macro   0x000037c2       0x22 ./src/Addit.o
 .debug_macro   0x000037e4      0x212 ./src/Addit.o
 .debug_macro   0x000039f6       0xfd ./src/Addit.o
 .debug_macro   0x00003af3       0x16 ./src/Addit.o
 .debug_macro   0x00003b09       0x22 ./src/Addit.o
 .debug_macro   0x00003b2b       0x32 ./src/Addit.o
 .debug_macro   0x00003b5d       0x10 ./src/Addit.o
 .debug_macro   0x00003b6d       0x78 ./src/Addit.o
 .debug_macro   0x00003be5       0x42 ./src/Addit.o
 .debug_macro   0x00003c27       0x52 ./src/Addit.o
 .debug_macro   0x00003c79       0x1c ./src/Addit.o
 .debug_macro   0x00003c95       0x1c ./src/Addit.o
 .debug_macro   0x00003cb1       0x26 ./src/Addit.o
 .debug_macro   0x00003cd7       0x28 ./src/Addit.o
 .debug_macro   0x00003cff       0x5e ./src/Addit.o
 .debug_macro   0x00003d5d       0x12 ./src/Addit.o
 .debug_macro   0x00003d6f       0x10 ./src/Addit.o
 .debug_macro   0x00003d7f       0x10 ./src/Addit.o
 .debug_macro   0x00003d8f       0x28 ./src/Addit.o
 .debug_macro   0x00003db7       0x1c ./src/Addit.o
 .debug_macro   0x00003dd3       0xc7 ./src/Addit.o
 .debug_macro   0x00003e9a       0x22 ./src/Addit.o
 .debug_macro   0x00003ebc       0x86 ./src/Addit.o
 .debug_macro   0x00003f42       0x1e ./src/Addit.o
 .debug_macro   0x00003f60       0x30 ./src/Addit.o
 .debug_macro   0x00003f90       0x3a ./src/Addit.o
 .debug_macro   0x00003fca       0x8d ./src/Addit.o
 .debug_macro   0x00004057       0x16 ./src/Addit.o
 .debug_macro   0x0000406d       0x10 ./src/Addit.o
 .debug_macro   0x0000407d      0x208 ./src/Addit.o
 .debug_macro   0x00004285       0x10 ./src/Addit.o
 .debug_macro   0x00004295       0x23 ./src/Addit.o
 .debug_macro   0x000042b8       0x2c ./src/Addit.o
 .debug_macro   0x000042e4       0x1c ./src/Addit.o
 .debug_macro   0x00004300       0x63 ./src/Addit.o
 .debug_macro   0x00004363       0x27 ./src/Addit.o
 .debug_macro   0x0000438a       0x10 ./src/Addit.o
 .debug_macro   0x0000439a       0x1c ./src/Addit.o
 .debug_macro   0x000043b6       0x16 ./src/Addit.o
 .debug_macro   0x000043cc      0x12a ./src/Addit.o
 .debug_macro   0x000044f6       0x16 ./src/Addit.o
 .debug_macro   0x0000450c       0x46 ./src/Addit.o
 .debug_macro   0x00004552       0x16 ./src/Addit.o
 .debug_macro   0x00004568      0x154 ./src/Addit.o
 .debug_macro   0x000046bc       0x29 ./src/Addit.o
 .debug_macro   0x000046e5      0x640 ./src/Addit.o
 .debug_macro   0x00004d25       0x16 ./src/Addit.o
 .debug_macro   0x00004d3b      0x129 ./src/Addit.o
 .debug_macro   0x00004e64       0x16 ./src/Addit.o
 .debug_macro   0x00004e7a       0x10 ./src/Addit.o
 .debug_macro   0x00004e8a       0x1c ./src/Addit.o
 .debug_macro   0x00004ea6       0x16 ./src/Addit.o
 .debug_macro   0x00004ebc       0x16 ./src/Addit.o
 .debug_macro   0x00004ed2       0x10 ./src/Addit.o
 .debug_macro   0x00004ee2      0x1bd ./src/Addit.o
 .debug_macro   0x0000509f       0x16 ./src/Addit.o
 .debug_macro   0x000050b5       0x28 ./src/Addit.o
 .debug_macro   0x000050dd       0x2e ./src/Addit.o
 .debug_macro   0x0000510b       0x40 ./src/Addit.o
 .debug_macro   0x0000514b       0x52 ./src/Addit.o
 .debug_macro   0x0000519d       0x16 ./src/Addit.o
 .debug_macro   0x000051b3       0x1d ./src/cr_startup_lpc175x_6x.o
 .debug_macro   0x000051d0       0x1a ./src/crp.o
 .debug_macro   0x000051ea       0x34 ./src/crp.o
 .debug_macro   0x0000521e      0x4f6 ./inc/Descriptors.o
 .debug_macro   0x00005714       0x2b ./inc/Descriptors.o
 .debug_macro   0x0000573f       0x6c ./inc/Descriptors.o
 .debug_macro   0x000057ab       0x9a ./inc/Descriptors.o
 .debug_macro   0x00005845       0x22 ./inc/Descriptors.o
 .debug_macro   0x00005867       0x65 ./inc/console.o
 .debug_macro   0x000058cc       0x1c ./inc/console.o
 .debug_macro   0x000058e8       0x1a ./inc/drv8840.o
 .debug_macro   0x00005902       0x90 ./inc/interfaces.o
 .debug_macro   0x00005992       0x1c ./inc/interfaces.o
 .debug_macro   0x000059ae       0x1c ./inc/interfaces.o
 .debug_macro   0x000059ca      0x2d5 ./inc/interfaces.o
 .debug_macro   0x00005c9f      0x385 C:\Projects\20150113Addit\nxp_xpresso_1769_usblib_device\Debug\libnxp_xpresso_1769_usblib_device.a(USBController.o)
 .debug_macro   0x00006024      0x86e C:\Projects\20150113Addit\nxp_xpresso_1769_usblib_device\Debug\libnxp_xpresso_1769_usblib_device.a(USBController.o)
 .debug_macro   0x00006892       0x28 C:\Projects\20150113Addit\nxp_xpresso_1769_usblib_device\Debug\libnxp_xpresso_1769_usblib_device.a(USBController.o)
 .debug_macro   0x000068ba       0x34 C:\Projects\20150113Addit\nxp_xpresso_1769_usblib_device\Debug\libnxp_xpresso_1769_usblib_device.a(USBController.o)
 .debug_macro   0x000068ee       0x2c C:\Projects\20150113Addit\nxp_xpresso_1769_usblib_device\Debug\libnxp_xpresso_1769_usblib_device.a(USBController.o)
 .debug_macro   0x0000691a      0x37f C:\Projects\20150113Addit\nxp_xpresso_1769_usblib_device\Debug\libnxp_xpresso_1769_usblib_device.a(USBTask.o)
 .debug_macro   0x00006c99      0x501 C:\Projects\20150113Addit\nxp_xpresso_1769_usblib_device\Debug\libnxp_xpresso_1769_usblib_device.a(CDCClassDevice.o)
 .debug_macro   0x0000719a      0x377 C:\Projects\20150113Addit\nxp_xpresso_1769_usblib_device\Debug\libnxp_xpresso_1769_usblib_device.a(HAL_LPC17xx.o)
 .debug_macro   0x00007511       0x7b C:\Projects\20150113Addit\nxp_xpresso_1769_usblib_device\Debug\libnxp_xpresso_1769_usblib_device.a(HAL_LPC17xx.o)
 .debug_macro   0x0000758c      0x38d C:\Projects\20150113Addit\nxp_xpresso_1769_usblib_device\Debug\libnxp_xpresso_1769_usblib_device.a(Endpoint_LPC17xx.o)
 .debug_macro   0x00007919       0x10 C:\Projects\20150113Addit\nxp_xpresso_1769_usblib_device\Debug\libnxp_xpresso_1769_usblib_device.a(Endpoint_LPC17xx.o)
 .debug_macro   0x00007929      0x385 C:\Projects\20150113Addit\nxp_xpresso_1769_usblib_device\Debug\libnxp_xpresso_1769_usblib_device.a(DeviceStandardReq.o)
 .debug_macro   0x00007cae       0x87 C:\Projects\20150113Addit\nxp_xpresso_1769_usblib_device\Debug\libnxp_xpresso_1769_usblib_device.a(DeviceStandardReq.o)
 .debug_macro   0x00007d35      0x383 C:\Projects\20150113Addit\nxp_xpresso_1769_usblib_device\Debug\libnxp_xpresso_1769_usblib_device.a(Endpoint.o)
 .debug_macro   0x000080b8      0x37d C:\Projects\20150113Addit\nxp_xpresso_1769_usblib_device\Debug\libnxp_xpresso_1769_usblib_device.a(EndpointStream.o)
 .debug_macro   0x00008435      0x21d C:\Projects\20150113Addit\nxp_xpresso_1769_board_lib\Debug\libnxp_xpresso_1769_board_lib.a(clock_17xx_40xx.o)
 .debug_macro   0x00008652      0x856 C:\Projects\20150113Addit\nxp_xpresso_1769_board_lib\Debug\libnxp_xpresso_1769_board_lib.a(clock_17xx_40xx.o)
 .debug_macro   0x00008ea8      0x21d C:\Projects\20150113Addit\nxp_xpresso_1769_board_lib\Debug\libnxp_xpresso_1769_board_lib.a(iocon_17xx_40xx.o)
 .debug_macro   0x000090c5      0x2e3 C:\Projects\20150113Addit\nxp_xpresso_1769_board_lib\Debug\libnxp_xpresso_1769_board_lib.a(board_nxp_xpresso_1769.o)
 .debug_macro   0x000093a8       0x20 C:\Projects\20150113Addit\nxp_xpresso_1769_board_lib\Debug\libnxp_xpresso_1769_board_lib.a(board_nxp_xpresso_1769.o)
 .debug_macro   0x000093c8       0xbe C:\Projects\20150113Addit\nxp_xpresso_1769_board_lib\Debug\libnxp_xpresso_1769_board_lib.a(board_nxp_xpresso_1769.o)
 .debug_macro   0x00009486       0x12 C:\Projects\20150113Addit\nxp_xpresso_1769_board_lib\Debug\libnxp_xpresso_1769_board_lib.a(board_nxp_xpresso_1769.o)
 .debug_macro   0x00009498       0x9d C:\Projects\20150113Addit\nxp_xpresso_1769_board_lib\Debug\libnxp_xpresso_1769_board_lib.a(usart_001.o)
 .debug_macro   0x00009535      0x379 C:\Projects\20150113Addit\nxp_xpresso_1769_board_lib\Debug\libnxp_xpresso_1769_board_lib.a(usart_001.o)
 .debug_macro   0x000098ae      0x21d C:\Projects\20150113Addit\nxp_xpresso_1769_board_lib\Debug\libnxp_xpresso_1769_board_lib.a(uart_17xx_40xx.o)

.debug_line     0x00000000     0x9e01
 .debug_line    0x00000000      0xe05 ./src/Addit.o
 .debug_line    0x00000e05       0xdc ./src/cr_startup_lpc175x_6x.o
 .debug_line    0x00000ee1       0x78 ./src/crp.o
 .debug_line    0x00000f59      0xc9d ./inc/Descriptors.o
 .debug_line    0x00001bf6      0x238 ./inc/console.o
 .debug_line    0x00001e2e       0x6b ./inc/drv8840.o
 .debug_line    0x00001e99      0x280 ./inc/interfaces.o
 .debug_line    0x00002119      0x8fe C:\Projects\20150113Addit\nxp_xpresso_1769_usblib_device\Debug\libnxp_xpresso_1769_usblib_device.a(USBController.o)
 .debug_line    0x00002a17      0x8f0 C:\Projects\20150113Addit\nxp_xpresso_1769_usblib_device\Debug\libnxp_xpresso_1769_usblib_device.a(USBTask.o)
 .debug_line    0x00003307     0x1293 C:\Projects\20150113Addit\nxp_xpresso_1769_usblib_device\Debug\libnxp_xpresso_1769_usblib_device.a(CDCClassDevice.o)
 .debug_line    0x0000459a      0xa55 C:\Projects\20150113Addit\nxp_xpresso_1769_usblib_device\Debug\libnxp_xpresso_1769_usblib_device.a(HAL_LPC17xx.o)
 .debug_line    0x00004fef      0xd87 C:\Projects\20150113Addit\nxp_xpresso_1769_usblib_device\Debug\libnxp_xpresso_1769_usblib_device.a(Endpoint_LPC17xx.o)
 .debug_line    0x00005d76      0xb0a C:\Projects\20150113Addit\nxp_xpresso_1769_usblib_device\Debug\libnxp_xpresso_1769_usblib_device.a(DeviceStandardReq.o)
 .debug_line    0x00006880      0x94f C:\Projects\20150113Addit\nxp_xpresso_1769_usblib_device\Debug\libnxp_xpresso_1769_usblib_device.a(Endpoint.o)
 .debug_line    0x000071cf      0xaa2 C:\Projects\20150113Addit\nxp_xpresso_1769_usblib_device\Debug\libnxp_xpresso_1769_usblib_device.a(EndpointStream.o)
 .debug_line    0x00007c71      0x78b C:\Projects\20150113Addit\nxp_xpresso_1769_board_lib\Debug\libnxp_xpresso_1769_board_lib.a(clock_17xx_40xx.o)
 .debug_line    0x000083fc      0x4d1 C:\Projects\20150113Addit\nxp_xpresso_1769_board_lib\Debug\libnxp_xpresso_1769_board_lib.a(iocon_17xx_40xx.o)
 .debug_line    0x000088cd      0x9cf C:\Projects\20150113Addit\nxp_xpresso_1769_board_lib\Debug\libnxp_xpresso_1769_board_lib.a(board_nxp_xpresso_1769.o)
 .debug_line    0x0000929c      0x474 C:\Projects\20150113Addit\nxp_xpresso_1769_board_lib\Debug\libnxp_xpresso_1769_board_lib.a(usart_001.o)
 .debug_line    0x00009710      0x6f1 C:\Projects\20150113Addit\nxp_xpresso_1769_board_lib\Debug\libnxp_xpresso_1769_board_lib.a(uart_17xx_40xx.o)

.debug_str      0x00000000    0x1e8eb
 .debug_str     0x00000000    0x18cef ./src/Addit.o
                              0x18e06 (size before relaxing)
 .debug_str     0x00018cef      0x1a6 ./src/cr_startup_lpc175x_6x.o
                               0x25af (size before relaxing)
 .debug_str     0x00018e95       0xe9 ./src/crp.o
                               0x24c7 (size before relaxing)
 .debug_str     0x00018f7e      0x93f ./inc/Descriptors.o
                              0x18ec0 (size before relaxing)
 .debug_str     0x000198bd      0x196 ./inc/console.o
                               0x2f34 (size before relaxing)
 .debug_str     0x00019a53       0x2f ./inc/drv8840.o
                               0x252a (size before relaxing)
 .debug_str     0x00019a82     0x14ae ./inc/interfaces.o
                               0x980d (size before relaxing)
 .debug_str     0x0001af30      0x2fb C:\Projects\20150113Addit\nxp_xpresso_1769_usblib_device\Debug\libnxp_xpresso_1769_usblib_device.a(USBController.o)
                              0x12e16 (size before relaxing)
 .debug_str     0x0001b22b       0xf4 C:\Projects\20150113Addit\nxp_xpresso_1769_usblib_device\Debug\libnxp_xpresso_1769_usblib_device.a(USBTask.o)
                              0x12de5 (size before relaxing)
 .debug_str     0x0001b31f      0x850 C:\Projects\20150113Addit\nxp_xpresso_1769_usblib_device\Debug\libnxp_xpresso_1769_usblib_device.a(CDCClassDevice.o)
                              0x18f7a (size before relaxing)
 .debug_str     0x0001bb6f      0x463 C:\Projects\20150113Addit\nxp_xpresso_1769_usblib_device\Debug\libnxp_xpresso_1769_usblib_device.a(HAL_LPC17xx.o)
                              0x132ab (size before relaxing)
 .debug_str     0x0001bfd2      0x2d8 C:\Projects\20150113Addit\nxp_xpresso_1769_usblib_device\Debug\libnxp_xpresso_1769_usblib_device.a(Endpoint_LPC17xx.o)
                              0x133aa (size before relaxing)
 .debug_str     0x0001c2aa      0x3b9 C:\Projects\20150113Addit\nxp_xpresso_1769_usblib_device\Debug\libnxp_xpresso_1769_usblib_device.a(DeviceStandardReq.o)
                              0x13534 (size before relaxing)
 .debug_str     0x0001c663       0xe7 C:\Projects\20150113Addit\nxp_xpresso_1769_usblib_device\Debug\libnxp_xpresso_1769_usblib_device.a(Endpoint.o)
                              0x131a7 (size before relaxing)
 .debug_str     0x0001c74a      0x205 C:\Projects\20150113Addit\nxp_xpresso_1769_usblib_device\Debug\libnxp_xpresso_1769_usblib_device.a(EndpointStream.o)
                              0x131b2 (size before relaxing)
 .debug_str     0x0001c94f      0xb43 C:\Projects\20150113Addit\nxp_xpresso_1769_board_lib\Debug\libnxp_xpresso_1769_board_lib.a(clock_17xx_40xx.o)
                              0x1146a (size before relaxing)
 .debug_str     0x0001d492       0x44 C:\Projects\20150113Addit\nxp_xpresso_1769_board_lib\Debug\libnxp_xpresso_1769_board_lib.a(iocon_17xx_40xx.o)
                              0x10881 (size before relaxing)
 .debug_str     0x0001d4d6      0xceb C:\Projects\20150113Addit\nxp_xpresso_1769_board_lib\Debug\libnxp_xpresso_1769_board_lib.a(board_nxp_xpresso_1769.o)
                              0x11c11 (size before relaxing)
 .debug_str     0x0001e1c1      0x4f0 C:\Projects\20150113Addit\nxp_xpresso_1769_board_lib\Debug\libnxp_xpresso_1769_board_lib.a(usart_001.o)
                               0xa07d (size before relaxing)
 .debug_str     0x0001e6b1      0x23a C:\Projects\20150113Addit\nxp_xpresso_1769_board_lib\Debug\libnxp_xpresso_1769_board_lib.a(uart_17xx_40xx.o)
                              0x11320 (size before relaxing)

.comment        0x00000000       0xe0
 .comment       0x00000000       0x70 ./src/Addit.o
                                 0x71 (size before relaxing)
 .comment       0x00000000       0x71 ./src/cr_startup_lpc175x_6x.o
 .comment       0x00000000       0x71 ./src/crp.o
 .comment       0x00000000       0x71 ./inc/Descriptors.o
 .comment       0x00000000       0x71 ./inc/console.o
 .comment       0x00000000       0x71 ./inc/drv8840.o
 .comment       0x00000000       0x71 ./inc/interfaces.o
 .comment       0x00000000       0x71 C:\Projects\20150113Addit\nxp_xpresso_1769_usblib_device\Debug\libnxp_xpresso_1769_usblib_device.a(USBController.o)
 .comment       0x00000000       0x71 C:\Projects\20150113Addit\nxp_xpresso_1769_usblib_device\Debug\libnxp_xpresso_1769_usblib_device.a(USBTask.o)
 .comment       0x00000000       0x71 C:\Projects\20150113Addit\nxp_xpresso_1769_usblib_device\Debug\libnxp_xpresso_1769_usblib_device.a(CDCClassDevice.o)
 .comment       0x00000000       0x71 C:\Projects\20150113Addit\nxp_xpresso_1769_usblib_device\Debug\libnxp_xpresso_1769_usblib_device.a(HAL_LPC17xx.o)
 .comment       0x00000000       0x71 C:\Projects\20150113Addit\nxp_xpresso_1769_usblib_device\Debug\libnxp_xpresso_1769_usblib_device.a(Endpoint_LPC17xx.o)
 .comment       0x00000000       0x71 C:\Projects\20150113Addit\nxp_xpresso_1769_usblib_device\Debug\libnxp_xpresso_1769_usblib_device.a(DeviceStandardReq.o)
 .comment       0x00000000       0x71 C:\Projects\20150113Addit\nxp_xpresso_1769_usblib_device\Debug\libnxp_xpresso_1769_usblib_device.a(Endpoint.o)
 .comment       0x00000000       0x71 C:\Projects\20150113Addit\nxp_xpresso_1769_usblib_device\Debug\libnxp_xpresso_1769_usblib_device.a(EndpointStream.o)
 .comment       0x00000000       0x71 C:\Projects\20150113Addit\nxp_xpresso_1769_board_lib\Debug\libnxp_xpresso_1769_board_lib.a(clock_17xx_40xx.o)
 .comment       0x00000000       0x71 C:\Projects\20150113Addit\nxp_xpresso_1769_board_lib\Debug\libnxp_xpresso_1769_board_lib.a(iocon_17xx_40xx.o)
 .comment       0x00000000       0x71 C:\Projects\20150113Addit\nxp_xpresso_1769_board_lib\Debug\libnxp_xpresso_1769_board_lib.a(board_nxp_xpresso_1769.o)
 .comment       0x00000000       0x71 C:\Projects\20150113Addit\nxp_xpresso_1769_board_lib\Debug\libnxp_xpresso_1769_board_lib.a(usart_001.o)
 .comment       0x00000000       0x71 C:\Projects\20150113Addit\nxp_xpresso_1769_board_lib\Debug\libnxp_xpresso_1769_board_lib.a(uart_17xx_40xx.o)
 .comment       0x00000070       0x70 c:/nxp/lpcxpresso_7.5.0_254/lpcxpresso/tools/bin/../lib/gcc/arm-none-eabi/4.8.4/../../../../arm-none-eabi/lib/armv7-m\libcr_semihost.a(_cr__main.o)
                                 0x71 (size before relaxing)
 .comment       0x00000000       0x71 c:/nxp/lpcxpresso_7.5.0_254/lpcxpresso/tools/bin/../lib/gcc/arm-none-eabi/4.8.4/../../../../arm-none-eabi/lib/armv7-m\libcr_c.a(memcpy.o)
 .comment       0x00000000       0x71 c:/nxp/lpcxpresso_7.5.0_254/lpcxpresso/tools/bin/../lib/gcc/arm-none-eabi/4.8.4/../../../../arm-none-eabi/lib/armv7-m\libcr_c.a(memset.o)
 .comment       0x00000000       0x71 c:/nxp/lpcxpresso_7.5.0_254/lpcxpresso/tools/bin/../lib/gcc/arm-none-eabi/4.8.4/../../../../arm-none-eabi/lib/armv7-m\libcr_c.a(fpprintf.o)
 .comment       0x00000000       0x71 c:/nxp/lpcxpresso_7.5.0_254/lpcxpresso/tools/bin/../lib/gcc/arm-none-eabi/4.8.4/../../../../arm-none-eabi/lib/armv7-m\libcr_c.a(initio.o)
 .comment       0x00000000       0x71 c:/nxp/lpcxpresso_7.5.0_254/lpcxpresso/tools/bin/../lib/gcc/arm-none-eabi/4.8.4/../../../../arm-none-eabi/lib/armv7-m\libcr_c.a(printf.o)
 .comment       0x00000000       0x71 c:/nxp/lpcxpresso_7.5.0_254/lpcxpresso/tools/bin/../lib/gcc/arm-none-eabi/4.8.4/../../../../arm-none-eabi/lib/armv7-m\libcr_c.a(scanf.o)
 .comment       0x00000000       0x71 c:/nxp/lpcxpresso_7.5.0_254/lpcxpresso/tools/bin/../lib/gcc/arm-none-eabi/4.8.4/../../../../arm-none-eabi/lib/armv7-m\libcr_c.a(setvbuf.o)
 .comment       0x00000000       0x71 c:/nxp/lpcxpresso_7.5.0_254/lpcxpresso/tools/bin/../lib/gcc/arm-none-eabi/4.8.4/../../../../arm-none-eabi/lib/armv7-m\libcr_c.a(stdio.o)
 .comment       0x00000000       0x71 c:/nxp/lpcxpresso_7.5.0_254/lpcxpresso/tools/bin/../lib/gcc/arm-none-eabi/4.8.4/../../../../arm-none-eabi/lib/armv7-m\libcr_c.a(strchr.o)
 .comment       0x00000000       0x71 c:/nxp/lpcxpresso_7.5.0_254/lpcxpresso/tools/bin/../lib/gcc/arm-none-eabi/4.8.4/../../../../arm-none-eabi/lib/armv7-m\libcr_c.a(strcmp.o)
 .comment       0x00000000       0x71 c:/nxp/lpcxpresso_7.5.0_254/lpcxpresso/tools/bin/../lib/gcc/arm-none-eabi/4.8.4/../../../../arm-none-eabi/lib/armv7-m\libcr_c.a(strlen.o)
 .comment       0x00000000       0x71 c:/nxp/lpcxpresso_7.5.0_254/lpcxpresso/tools/bin/../lib/gcc/arm-none-eabi/4.8.4/../../../../arm-none-eabi/lib/armv7-m\libcr_c.a(_deferredlazyseek.o)
 .comment       0x00000000       0x71 c:/nxp/lpcxpresso_7.5.0_254/lpcxpresso/tools/bin/../lib/gcc/arm-none-eabi/4.8.4/../../../../arm-none-eabi/lib/armv7-m\libcr_c.a(_fdopen.o)
 .comment       0x00000000       0x71 c:/nxp/lpcxpresso_7.5.0_254/lpcxpresso/tools/bin/../lib/gcc/arm-none-eabi/4.8.4/../../../../arm-none-eabi/lib/armv7-m\libcr_c.a(_fflush.o)
 .comment       0x00000000       0x71 c:/nxp/lpcxpresso_7.5.0_254/lpcxpresso/tools/bin/../lib/gcc/arm-none-eabi/4.8.4/../../../../arm-none-eabi/lib/armv7-m\libcr_c.a(_frexpl.o)
 .comment       0x00000000       0x71 c:/nxp/lpcxpresso_7.5.0_254/lpcxpresso/tools/bin/../lib/gcc/arm-none-eabi/4.8.4/../../../../arm-none-eabi/lib/armv7-m\libcr_c.a(_hugeval.o)
 .comment       0x00000000       0x71 c:/nxp/lpcxpresso_7.5.0_254/lpcxpresso/tools/bin/../lib/gcc/arm-none-eabi/4.8.4/../../../../arm-none-eabi/lib/armv7-m\libcr_c.a(_ldexpl.o)
 .comment       0x00000000       0x71 c:/nxp/lpcxpresso_7.5.0_254/lpcxpresso/tools/bin/../lib/gcc/arm-none-eabi/4.8.4/../../../../arm-none-eabi/lib/armv7-m\libcr_c.a(_writebuf.o)
 .comment       0x00000000       0x71 c:/nxp/lpcxpresso_7.5.0_254/lpcxpresso/tools/bin/../lib/gcc/arm-none-eabi/4.8.4/../../../../arm-none-eabi/lib/armv7-m\libcr_c.a(alloc.o)
 .comment       0x00000000       0x71 c:/nxp/lpcxpresso_7.5.0_254/lpcxpresso/tools/bin/../lib/gcc/arm-none-eabi/4.8.4/../../../../arm-none-eabi/lib/armv7-m\libcr_c.a(ctype.o)
 .comment       0x00000000       0x71 c:/nxp/lpcxpresso_7.5.0_254/lpcxpresso/tools/bin/../lib/gcc/arm-none-eabi/4.8.4/../../../../arm-none-eabi/lib/armv7-m\libcr_c.a(errno.o)
 .comment       0x00000000       0x71 c:/nxp/lpcxpresso_7.5.0_254/lpcxpresso/tools/bin/../lib/gcc/arm-none-eabi/4.8.4/../../../../arm-none-eabi/lib/armv7-m\libcr_c.a(fclose.o)
 .comment       0x00000000       0x71 c:/nxp/lpcxpresso_7.5.0_254/lpcxpresso/tools/bin/../lib/gcc/arm-none-eabi/4.8.4/../../../../arm-none-eabi/lib/armv7-m\libcr_c.a(fflush.o)
 .comment       0x00000000       0x71 c:/nxp/lpcxpresso_7.5.0_254/lpcxpresso/tools/bin/../lib/gcc/arm-none-eabi/4.8.4/../../../../arm-none-eabi/lib/armv7-m\libcr_c.a(fseek.o)
 .comment       0x00000000       0x71 c:/nxp/lpcxpresso_7.5.0_254/lpcxpresso/tools/bin/../lib/gcc/arm-none-eabi/4.8.4/../../../../arm-none-eabi/lib/armv7-m\libcr_c.a(ftell.o)
 .comment       0x00000000       0x71 c:/nxp/lpcxpresso_7.5.0_254/lpcxpresso/tools/bin/../lib/gcc/arm-none-eabi/4.8.4/../../../../arm-none-eabi/lib/armv7-m\libcr_c.a(remove.o)
 .comment       0x00000000       0x71 c:/nxp/lpcxpresso_7.5.0_254/lpcxpresso/tools/bin/../lib/gcc/arm-none-eabi/4.8.4/../../../../arm-none-eabi/lib/armv7-m\libcr_c.a(__init_alloc.o)
 .comment       0x00000000       0x71 c:/nxp/lpcxpresso_7.5.0_254/lpcxpresso/tools/bin/../lib/gcc/arm-none-eabi/4.8.4/../../../../arm-none-eabi/lib/armv7-m\libcr_c.a(_cr_sbrk.o)
 .comment       0x00000000       0x71 c:/nxp/lpcxpresso_7.5.0_254/lpcxpresso/tools/bin/../lib/gcc/arm-none-eabi/4.8.4/../../../../arm-none-eabi/lib/armv7-m\libcr_c.a(_do_fflush.o)
 .comment       0x00000000       0x71 c:/nxp/lpcxpresso_7.5.0_254/lpcxpresso/tools/bin/../lib/gcc/arm-none-eabi/4.8.4/../../../../arm-none-eabi/lib/armv7-m\libcr_c.a(_cr_check_heap.o)
 .comment       0x00000000       0x71 c:/nxp/lpcxpresso_7.5.0_254/lpcxpresso/tools/bin/../lib/gcc/arm-none-eabi/4.8.4/armv7-m\libcr_eabihelpers.a(double.o)

.ARM.attributes
                0x00000000       0x31
 .ARM.attributes
                0x00000000       0x33 ./src/Addit.o
 .ARM.attributes
                0x00000033       0x33 ./src/cr_startup_lpc175x_6x.o
 .ARM.attributes
                0x00000066       0x33 ./src/crp.o
 .ARM.attributes
                0x00000099       0x33 ./inc/Descriptors.o
 .ARM.attributes
                0x000000cc       0x33 ./inc/console.o
 .ARM.attributes
                0x000000ff       0x33 ./inc/drv8840.o
 .ARM.attributes
                0x00000132       0x33 ./inc/interfaces.o
 .ARM.attributes
                0x00000165       0x33 C:\Projects\20150113Addit\nxp_xpresso_1769_usblib_device\Debug\libnxp_xpresso_1769_usblib_device.a(USBController.o)
 .ARM.attributes
                0x00000198       0x33 C:\Projects\20150113Addit\nxp_xpresso_1769_usblib_device\Debug\libnxp_xpresso_1769_usblib_device.a(USBTask.o)
 .ARM.attributes
                0x000001cb       0x33 C:\Projects\20150113Addit\nxp_xpresso_1769_usblib_device\Debug\libnxp_xpresso_1769_usblib_device.a(CDCClassDevice.o)
 .ARM.attributes
                0x000001fe       0x33 C:\Projects\20150113Addit\nxp_xpresso_1769_usblib_device\Debug\libnxp_xpresso_1769_usblib_device.a(HAL_LPC17xx.o)
 .ARM.attributes
                0x00000231       0x33 C:\Projects\20150113Addit\nxp_xpresso_1769_usblib_device\Debug\libnxp_xpresso_1769_usblib_device.a(Endpoint_LPC17xx.o)
 .ARM.attributes
                0x00000264       0x33 C:\Projects\20150113Addit\nxp_xpresso_1769_usblib_device\Debug\libnxp_xpresso_1769_usblib_device.a(DeviceStandardReq.o)
 .ARM.attributes
                0x00000297       0x33 C:\Projects\20150113Addit\nxp_xpresso_1769_usblib_device\Debug\libnxp_xpresso_1769_usblib_device.a(Endpoint.o)
 .ARM.attributes
                0x000002ca       0x33 C:\Projects\20150113Addit\nxp_xpresso_1769_usblib_device\Debug\libnxp_xpresso_1769_usblib_device.a(EndpointStream.o)
 .ARM.attributes
                0x000002fd       0x33 C:\Projects\20150113Addit\nxp_xpresso_1769_board_lib\Debug\libnxp_xpresso_1769_board_lib.a(clock_17xx_40xx.o)
 .ARM.attributes
                0x00000330       0x33 C:\Projects\20150113Addit\nxp_xpresso_1769_board_lib\Debug\libnxp_xpresso_1769_board_lib.a(iocon_17xx_40xx.o)
 .ARM.attributes
                0x00000363       0x33 C:\Projects\20150113Addit\nxp_xpresso_1769_board_lib\Debug\libnxp_xpresso_1769_board_lib.a(board_nxp_xpresso_1769.o)
 .ARM.attributes
                0x00000396       0x33 C:\Projects\20150113Addit\nxp_xpresso_1769_board_lib\Debug\libnxp_xpresso_1769_board_lib.a(usart_001.o)
 .ARM.attributes
                0x000003c9       0x33 C:\Projects\20150113Addit\nxp_xpresso_1769_board_lib\Debug\libnxp_xpresso_1769_board_lib.a(uart_17xx_40xx.o)
 .ARM.attributes
                0x000003fc       0x33 c:/nxp/lpcxpresso_7.5.0_254/lpcxpresso/tools/bin/../lib/gcc/arm-none-eabi/4.8.4/../../../../arm-none-eabi/lib/armv7-m\libcr_semihost.a(_cr__main.o)
 .ARM.attributes
                0x0000042f       0x33 c:/nxp/lpcxpresso_7.5.0_254/lpcxpresso/tools/bin/../lib/gcc/arm-none-eabi/4.8.4/../../../../arm-none-eabi/lib/armv7-m\libcr_c.a(memcpy.o)
 .ARM.attributes
                0x00000462       0x33 c:/nxp/lpcxpresso_7.5.0_254/lpcxpresso/tools/bin/../lib/gcc/arm-none-eabi/4.8.4/../../../../arm-none-eabi/lib/armv7-m\libcr_c.a(memset.o)
 .ARM.attributes
                0x00000495       0x33 c:/nxp/lpcxpresso_7.5.0_254/lpcxpresso/tools/bin/../lib/gcc/arm-none-eabi/4.8.4/../../../../arm-none-eabi/lib/armv7-m\libcr_c.a(fpprintf.o)
 .ARM.attributes
                0x000004c8       0x33 c:/nxp/lpcxpresso_7.5.0_254/lpcxpresso/tools/bin/../lib/gcc/arm-none-eabi/4.8.4/../../../../arm-none-eabi/lib/armv7-m\libcr_c.a(initio.o)
 .ARM.attributes
                0x000004fb       0x33 c:/nxp/lpcxpresso_7.5.0_254/lpcxpresso/tools/bin/../lib/gcc/arm-none-eabi/4.8.4/../../../../arm-none-eabi/lib/armv7-m\libcr_c.a(printf.o)
 .ARM.attributes
                0x0000052e       0x33 c:/nxp/lpcxpresso_7.5.0_254/lpcxpresso/tools/bin/../lib/gcc/arm-none-eabi/4.8.4/../../../../arm-none-eabi/lib/armv7-m\libcr_c.a(scanf.o)
 .ARM.attributes
                0x00000561       0x33 c:/nxp/lpcxpresso_7.5.0_254/lpcxpresso/tools/bin/../lib/gcc/arm-none-eabi/4.8.4/../../../../arm-none-eabi/lib/armv7-m\libcr_c.a(setvbuf.o)
 .ARM.attributes
                0x00000594       0x33 c:/nxp/lpcxpresso_7.5.0_254/lpcxpresso/tools/bin/../lib/gcc/arm-none-eabi/4.8.4/../../../../arm-none-eabi/lib/armv7-m\libcr_c.a(stdio.o)
 .ARM.attributes
                0x000005c7       0x33 c:/nxp/lpcxpresso_7.5.0_254/lpcxpresso/tools/bin/../lib/gcc/arm-none-eabi/4.8.4/../../../../arm-none-eabi/lib/armv7-m\libcr_c.a(strchr.o)
 .ARM.attributes
                0x000005fa       0x33 c:/nxp/lpcxpresso_7.5.0_254/lpcxpresso/tools/bin/../lib/gcc/arm-none-eabi/4.8.4/../../../../arm-none-eabi/lib/armv7-m\libcr_c.a(strcmp.o)
 .ARM.attributes
                0x0000062d       0x33 c:/nxp/lpcxpresso_7.5.0_254/lpcxpresso/tools/bin/../lib/gcc/arm-none-eabi/4.8.4/../../../../arm-none-eabi/lib/armv7-m\libcr_c.a(strlen.o)
 .ARM.attributes
                0x00000660       0x33 c:/nxp/lpcxpresso_7.5.0_254/lpcxpresso/tools/bin/../lib/gcc/arm-none-eabi/4.8.4/../../../../arm-none-eabi/lib/armv7-m\libcr_c.a(_deferredlazyseek.o)
 .ARM.attributes
                0x00000693       0x33 c:/nxp/lpcxpresso_7.5.0_254/lpcxpresso/tools/bin/../lib/gcc/arm-none-eabi/4.8.4/../../../../arm-none-eabi/lib/armv7-m\libcr_c.a(_fdopen.o)
 .ARM.attributes
                0x000006c6       0x33 c:/nxp/lpcxpresso_7.5.0_254/lpcxpresso/tools/bin/../lib/gcc/arm-none-eabi/4.8.4/../../../../arm-none-eabi/lib/armv7-m\libcr_c.a(_fflush.o)
 .ARM.attributes
                0x000006f9       0x33 c:/nxp/lpcxpresso_7.5.0_254/lpcxpresso/tools/bin/../lib/gcc/arm-none-eabi/4.8.4/../../../../arm-none-eabi/lib/armv7-m\libcr_c.a(_frexpl.o)
 .ARM.attributes
                0x0000072c       0x33 c:/nxp/lpcxpresso_7.5.0_254/lpcxpresso/tools/bin/../lib/gcc/arm-none-eabi/4.8.4/../../../../arm-none-eabi/lib/armv7-m\libcr_c.a(_hugeval.o)
 .ARM.attributes
                0x0000075f       0x33 c:/nxp/lpcxpresso_7.5.0_254/lpcxpresso/tools/bin/../lib/gcc/arm-none-eabi/4.8.4/../../../../arm-none-eabi/lib/armv7-m\libcr_c.a(_ldexpl.o)
 .ARM.attributes
                0x00000792       0x33 c:/nxp/lpcxpresso_7.5.0_254/lpcxpresso/tools/bin/../lib/gcc/arm-none-eabi/4.8.4/../../../../arm-none-eabi/lib/armv7-m\libcr_c.a(_writebuf.o)
 .ARM.attributes
                0x000007c5       0x33 c:/nxp/lpcxpresso_7.5.0_254/lpcxpresso/tools/bin/../lib/gcc/arm-none-eabi/4.8.4/../../../../arm-none-eabi/lib/armv7-m\libcr_c.a(alloc.o)
 .ARM.attributes
                0x000007f8       0x33 c:/nxp/lpcxpresso_7.5.0_254/lpcxpresso/tools/bin/../lib/gcc/arm-none-eabi/4.8.4/../../../../arm-none-eabi/lib/armv7-m\libcr_c.a(ctype.o)
 .ARM.attributes
                0x0000082b       0x33 c:/nxp/lpcxpresso_7.5.0_254/lpcxpresso/tools/bin/../lib/gcc/arm-none-eabi/4.8.4/../../../../arm-none-eabi/lib/armv7-m\libcr_c.a(errno.o)
 .ARM.attributes
                0x0000085e       0x33 c:/nxp/lpcxpresso_7.5.0_254/lpcxpresso/tools/bin/../lib/gcc/arm-none-eabi/4.8.4/../../../../arm-none-eabi/lib/armv7-m\libcr_c.a(fclose.o)
 .ARM.attributes
                0x00000891       0x33 c:/nxp/lpcxpresso_7.5.0_254/lpcxpresso/tools/bin/../lib/gcc/arm-none-eabi/4.8.4/../../../../arm-none-eabi/lib/armv7-m\libcr_c.a(fflush.o)
 .ARM.attributes